---
http_interactions:
- request:
    method: get
    uri: https://cmr.earthdata.nasa.gov/search/collections.json?bounding_box=0%2C10%2C10%2C80&page_size=20&page_num=1&include_tags=edsc.%2A%2Corg.ceos.wgiss.cwic.granules.prod&sort_key%5B%5D=has_granules&sort_key%5B%5D=entry_title&echo_collection_id%5B%5D=C1229626387-LANCEMODIS&echo_collection_id%5B%5D=C1219032686-LANCEMODIS&include_has_granules=true&include_granule_counts=true
    body:
      encoding: US-ASCII
      string: ''
    headers:
      User-Agent:
      - Faraday v0.8.8
      Client-Id:
      - eed-edsc-dev
      Echo-ClientId:
      - eed-edsc-dev
      Echo-Token:
      - edsc
  recorded_at: Mon, 11 Jul 2016 18:09:28 GMT
  digest: 9b6da89f7e5b4b0cfc9aadb656252696f2f6d6c5
- request:
    method: get
    uri: https://cmr.earthdata.nasa.gov/search/collections.json?bounding_box=0%2C10%2C10%2C80&page_size=20&page_num=1&include_tags=edsc.%2A%2Corg.ceos.wgiss.cwic.granules.prod&sort_key%5B%5D=has_granules&sort_key%5B%5D=entry_title&include_has_granules=true&include_granule_counts=true
    body:
      encoding: US-ASCII
      string: ''
    headers:
      User-Agent:
      - Faraday v0.8.8
      Client-Id:
      - eed-edsc-dev
      Echo-ClientId:
      - eed-edsc-dev
      Echo-Token:
      - edsc
  recorded_at: Mon, 11 Jul 2016 18:09:27 GMT
  digest: defb7a928d86dc16a9f76f4d113a6970d1321a65
- request:
    method: get
    uri: https://cmr.earthdata.nasa.gov/search/collections.json?bounding_box=0%2C80%2C10%2C85&page_size=20&page_num=1&include_tags=edsc.%2A%2Corg.ceos.wgiss.cwic.granules.prod&sort_key%5B%5D=has_granules&sort_key%5B%5D=entry_title&echo_collection_id%5B%5D=C1229626387-LANCEMODIS&echo_collection_id%5B%5D=C1219032686-LANCEMODIS&include_has_granules=true&include_granule_counts=true
    body:
      encoding: US-ASCII
      string: ''
    headers:
      User-Agent:
      - Faraday v0.8.8
      Client-Id:
      - eed-edsc-dev
      Echo-ClientId:
      - eed-edsc-dev
      Echo-Token:
      - edsc
  recorded_at: Mon, 11 Jul 2016 18:08:33 GMT
  digest: 4407cde75c586eec50032284d6eae7bbc6e6fb8e
- request:
    method: get
    uri: https://cmr.earthdata.nasa.gov/search/collections.json?bounding_box=0%2C80%2C10%2C85&page_size=20&page_num=1&include_tags=edsc.%2A%2Corg.ceos.wgiss.cwic.granules.prod&sort_key%5B%5D=has_granules&sort_key%5B%5D=entry_title&include_has_granules=true&include_granule_counts=true
    body:
      encoding: US-ASCII
      string: ''
    headers:
      User-Agent:
      - Faraday v0.8.8
      Client-Id:
      - eed-edsc-dev
      Echo-ClientId:
      - eed-edsc-dev
      Echo-Token:
      - edsc
  recorded_at: Mon, 11 Jul 2016 18:08:31 GMT
  digest: 09006195ee46afdcaab1ba0d3eab83bacfbb2258
- request:
    method: get
    uri: https://cmr.earthdata.nasa.gov/search/collections.json?echo_collection_id%5B%5D=C115003855-NSIDC_ECS&page_num=1&include_tags=edsc.%2A%2Corg.ceos.wgiss.cwic.granules.prod&sort_key%5B%5D=has_granules&sort_key%5B%5D=entry_title&include_has_granules=true&include_granule_counts=true
    body:
      encoding: US-ASCII
      string: ''
    headers:
      User-Agent:
      - Faraday v0.8.8
      Client-Id:
      - eed-edsc-dev
      Echo-ClientId:
      - eed-edsc-dev
      Echo-Token:
      - edsc
  recorded_at: Mon, 11 Jul 2016 18:08:30 GMT
  digest: 7f92e92c5a2db82a202ce969558f418bf266e44c
- request:
    method: get
    uri: https://cmr.earthdata.nasa.gov/search/collections.json?echo_collection_id%5B%5D=C115003857-NSIDC_ECS&page_num=1&include_tags=edsc.%2A%2Corg.ceos.wgiss.cwic.granules.prod&sort_key%5B%5D=has_granules&sort_key%5B%5D=entry_title&include_has_granules=true&include_granule_counts=true
    body:
      encoding: US-ASCII
      string: ''
    headers:
      User-Agent:
      - Faraday v0.8.8
      Client-Id:
      - eed-edsc-dev
      Echo-ClientId:
      - eed-edsc-dev
      Echo-Token:
      - edsc
  recorded_at: Mon, 11 Jul 2016 18:46:58 GMT
  digest: 43ef9737eba8ef97bf32f038a9cb18c701e1b606
- request:
    method: get
    uri: https://cmr.earthdata.nasa.gov/search/collections.json?echo_collection_id%5B%5D=C1214560151-JAXA&page_num=1&include_tags=edsc.%2A%2Corg.ceos.wgiss.cwic.granules.prod&sort_key%5B%5D=has_granules&sort_key%5B%5D=entry_title&include_has_granules=true&include_granule_counts=true
    body:
      encoding: US-ASCII
      string: ''
    headers:
      User-Agent:
      - Faraday v0.8.8
      Client-Id:
      - eed-edsc-dev
      Echo-ClientId:
      - eed-edsc-dev
  recorded_at: Sun, 10 Jul 2016 19:52:32 GMT
  digest: 138eccd6e068cf904d65eecb0819c935204a736f
- request:
    method: get
    uri: https://cmr.earthdata.nasa.gov/search/collections.json?echo_collection_id%5B%5D=C1214614479-SCIOPS&page_num=1&include_tags=edsc.%2A%2Corg.ceos.wgiss.cwic.granules.prod&sort_key%5B%5D=has_granules&sort_key%5B%5D=entry_title&include_has_granules=true&include_granule_counts=true
    body:
      encoding: US-ASCII
      string: ''
    headers:
      User-Agent:
      - Faraday v0.8.8
      Client-Id:
      - eed-edsc-dev
      Echo-ClientId:
      - eed-edsc-dev
      Echo-Token:
      - edsc
  recorded_at: Mon, 11 Jul 2016 18:46:43 GMT
  digest: f8840782c04ce2645f929ed871210b36a1e242fb
- request:
    method: get
    uri: https://cmr.earthdata.nasa.gov/search/collections.json?echo_collection_id%5B%5D=C128599377-NSIDC_ECS&page_num=1&include_tags=edsc.%2A%2Corg.ceos.wgiss.cwic.granules.prod&sort_key%5B%5D=has_granules&sort_key%5B%5D=entry_title&include_has_granules=true&include_granule_counts=true
    body:
      encoding: US-ASCII
      string: ''
    headers:
      User-Agent:
      - Faraday v0.8.8
      Client-Id:
      - eed-edsc-dev
      Echo-ClientId:
      - eed-edsc-dev
  recorded_at: Mon, 11 Jul 2016 18:23:56 GMT
  digest: c9db6d220438e5227e47161f04d5b76201afcc96
- request:
    method: get
    uri: https://cmr.earthdata.nasa.gov/search/collections.json?echo_collection_id%5B%5D=C179002107-SEDAC&page_num=1&include_tags=edsc.%2A%2Corg.ceos.wgiss.cwic.granules.prod&sort_key%5B%5D=has_granules&sort_key%5B%5D=entry_title&include_has_granules=true&include_granule_counts=true
    body:
      encoding: US-ASCII
      string: ''
    headers:
      User-Agent:
      - Faraday v0.8.8
      Client-Id:
      - eed-edsc-dev
      Echo-ClientId:
      - eed-edsc-dev
      Echo-Token:
      - edsc
  recorded_at: Mon, 11 Jul 2016 18:46:42 GMT
  digest: 2cffe35b2888a5856d18f1864f4fe0f6b60fe83e
- request:
    method: get
    uri: https://cmr.earthdata.nasa.gov/search/collections.json?echo_collection_id%5B%5D=C179002914-ORNL_DAAC&page_num=1&include_tags=edsc.%2A%2Corg.ceos.wgiss.cwic.granules.prod&sort_key%5B%5D=has_granules&sort_key%5B%5D=entry_title&include_has_granules=true&include_granule_counts=true
    body:
      encoding: US-ASCII
      string: ''
    headers:
      User-Agent:
      - Faraday v0.8.8
      Client-Id:
      - eed-edsc-dev
      Echo-ClientId:
      - eed-edsc-dev
  recorded_at: Mon, 11 Jul 2016 18:51:15 GMT
  digest: a3b74d60ede3726d82d23f50f03fb6596e526d67
- request:
    method: get
    uri: https://cmr.earthdata.nasa.gov/search/collections.json?echo_collection_id%5B%5D=C179003030-ORNL_DAAC&echo_collection_id%5B%5D=C179001887-SEDAC&page_num=1&include_tags=edsc.%2A%2Corg.ceos.wgiss.cwic.granules.prod&sort_key%5B%5D=has_granules&sort_key%5B%5D=entry_title&include_has_granules=true&include_granule_counts=true
    body:
      encoding: US-ASCII
      string: ''
    headers:
      User-Agent:
      - Faraday v0.8.8
      Client-Id:
      - eed-edsc-dev
      Echo-ClientId:
      - eed-edsc-dev
  recorded_at: Mon, 11 Jul 2016 18:49:30 GMT
  digest: d8ee4aad01ae3208287de10ba8842d25ca77fe95
- request:
    method: get
    uri: https://cmr.earthdata.nasa.gov/search/collections.json?echo_collection_id%5B%5D=C179003030-ORNL_DAAC&page_num=1&include_tags=edsc.%2A%2Corg.ceos.wgiss.cwic.granules.prod&sort_key%5B%5D=has_granules&sort_key%5B%5D=entry_title&include_has_granules=true&include_granule_counts=true
    body:
      encoding: US-ASCII
      string: ''
    headers:
      User-Agent:
      - Faraday v0.8.8
      Client-Id:
      - eed-edsc-dev
      Echo-ClientId:
      - eed-edsc-dev
      Echo-Token:
      - edsc
  recorded_at: Mon, 11 Jul 2016 18:46:49 GMT
  digest: ade99948de0a898d921f10b32d5cf6b787df3e4f
- request:
    method: get
    uri: https://cmr.earthdata.nasa.gov/search/collections.json?echo_collection_id%5B%5D=C179003216-ORNL_DAAC&page_num=1&include_tags=edsc.%2A%2Corg.ceos.wgiss.cwic.granules.prod&sort_key%5B%5D=has_granules&sort_key%5B%5D=entry_title&include_has_granules=true&include_granule_counts=true
    body:
      encoding: US-ASCII
      string: ''
    headers:
      User-Agent:
      - Faraday v0.8.8
      Client-Id:
      - eed-edsc-dev
      Echo-ClientId:
      - eed-edsc-dev
      Echo-Token:
      - edsc
  recorded_at: Mon, 11 Jul 2016 18:46:44 GMT
  digest: 555bdb24d7e1012aa51096c558736bd47c79fe01
- request:
    method: get
    uri: https://cmr.earthdata.nasa.gov/search/collections.json?echo_collection_id%5B%5D=C179014698-NSIDC_ECS&include_has_granules=true&include_granule_counts=true
    body:
      encoding: US-ASCII
      string: ''
    headers:
      User-Agent:
      - Faraday v0.8.8
      Client-Id:
      - eed-edsc-dev
      Echo-ClientId:
      - eed-edsc-dev
  recorded_at: Mon, 11 Jul 2016 18:24:48 GMT
  digest: c65dd9e74412719ab37543f010105d6ce466d2c7
- request:
    method: get
    uri: https://cmr.earthdata.nasa.gov/search/collections.json?echo_collection_id%5B%5D=C179014698-NSIDC_ECS&page_num=1&include_tags=edsc.%2A%2Corg.ceos.wgiss.cwic.granules.prod&sort_key%5B%5D=has_granules&sort_key%5B%5D=entry_title&include_has_granules=true&include_granule_counts=true
    body:
      encoding: US-ASCII
      string: ''
    headers:
      User-Agent:
      - Faraday v0.8.8
      Client-Id:
      - eed-edsc-dev
      Echo-ClientId:
      - eed-edsc-dev
  recorded_at: Mon, 11 Jul 2016 18:24:34 GMT
  digest: a40b6106e9d42e29e16656c6f1c9f1681de49b83
- request:
    method: get
    uri: https://cmr.earthdata.nasa.gov/search/collections.json?echo_collection_id%5B%5D=C197265171-LPDAAC_ECS&page_num=1&include_tags=edsc.%2A%2Corg.ceos.wgiss.cwic.granules.prod&sort_key%5B%5D=has_granules&sort_key%5B%5D=entry_title&include_has_granules=true&include_granule_counts=true
    body:
      encoding: US-ASCII
      string: ''
    headers:
      User-Agent:
      - Faraday v0.8.8
      Client-Id:
      - eed-edsc-dev
      Echo-ClientId:
      - eed-edsc-dev
  recorded_at: Sun, 10 Jul 2016 19:52:30 GMT
  digest: f2c353b615a5d16f98c65df57e8fc109097d8d00
- request:
    method: get
    uri: https://cmr.earthdata.nasa.gov/search/collections.json?echo_collection_id%5B%5D=C4543622-LARC_ASDC&page_num=1&include_tags=edsc.%2A%2Corg.ceos.wgiss.cwic.granules.prod&sort_key%5B%5D=has_granules&sort_key%5B%5D=entry_title&include_has_granules=true&include_granule_counts=true
    body:
      encoding: US-ASCII
      string: ''
    headers:
      User-Agent:
      - Faraday v0.8.8
      Client-Id:
      - eed-edsc-dev
      Echo-ClientId:
      - eed-edsc-dev
      Echo-Token:
      - edsc-access
  recorded_at: Mon, 11 Jul 2016 12:31:12 GMT
  digest: 90cd7a01ee32e5467f799a453a1f2f69e6ebc3ae
- request:
    method: get
    uri: https://cmr.earthdata.nasa.gov/search/collections.json?echo_collection_id%5B%5D=C90762182-LAADS&echo_collection_id%5B%5D=C1214614479-SCIOPS&page_num=1&include_tags=edsc.%2A%2Corg.ceos.wgiss.cwic.granules.prod&sort_key%5B%5D=has_granules&sort_key%5B%5D=entry_title&include_has_granules=true&include_granule_counts=true
    body:
      encoding: US-ASCII
      string: ''
    headers:
      User-Agent:
      - Faraday v0.8.8
      Client-Id:
      - eed-edsc-dev
      Echo-ClientId:
      - eed-edsc-dev
      Echo-Token:
      - edsc
  recorded_at: Mon, 11 Jul 2016 18:46:53 GMT
  digest: bcb99e3a4b4a1bfce301870f55c699e4ec8301fb
- request:
    method: get
    uri: https://cmr.earthdata.nasa.gov/search/collections.json?echo_collection_id%5B%5D=C90762182-LAADS&echo_collection_id%5B%5D=C179001887-SEDAC&page_num=1&include_tags=edsc.%2A%2Corg.ceos.wgiss.cwic.granules.prod&sort_key%5B%5D=has_granules&sort_key%5B%5D=entry_title&include_has_granules=true&include_granule_counts=true
    body:
      encoding: US-ASCII
      string: ''
    headers:
      User-Agent:
      - Faraday v0.8.8
      Client-Id:
      - eed-edsc-dev
      Echo-ClientId:
      - eed-edsc-dev
      Echo-Token:
      - edsc
  recorded_at: Mon, 11 Jul 2016 18:43:09 GMT
  digest: 83f281c4d8361f34b5fc2957550b584d031a1f2c
- request:
    method: get
    uri: https://cmr.earthdata.nasa.gov/search/collections.json?echo_collection_id%5B%5D=C90762182-LAADS&include_has_granules=true&include_granule_counts=true
    body:
      encoding: US-ASCII
      string: ''
    headers:
      User-Agent:
      - Faraday v0.8.8
      Client-Id:
      - eed-edsc-dev
      Echo-ClientId:
      - eed-edsc-dev
  recorded_at: Mon, 11 Jul 2016 19:02:40 GMT
  digest: eab30afa8cf664e1ca7b3a0fdc9981339f37c983
- request:
    method: get
    uri: https://cmr.earthdata.nasa.gov/search/collections.json?echo_collection_id%5B%5D=C90762182-LAADS&page_num=1&include_tags=edsc.%2A%2Corg.ceos.wgiss.cwic.granules.prod&sort_key%5B%5D=has_granules&sort_key%5B%5D=entry_title&include_has_granules=true&include_granule_counts=true
    body:
      encoding: US-ASCII
      string: ''
    headers:
      User-Agent:
      - Faraday v0.8.8
      Client-Id:
      - eed-edsc-dev
      Echo-ClientId:
      - eed-edsc-dev
      Echo-Token:
      - edsc
  recorded_at: Mon, 11 Jul 2016 18:46:57 GMT
  digest: 4f1298c23ad30e0b306e16c69d1b806ff58cfa2c
- request:
    method: get
    uri: https://cmr.earthdata.nasa.gov/search/collections.json?page_size=20&page_num=1&echo_collection_id%5B%5D=C90762182-LAADS&include_tags=edsc.%2A%2Corg.ceos.wgiss.cwic.granules.prod&sort_key%5B%5D=has_granules&sort_key%5B%5D=score&keyword=C90762182-LAADS%2A&include_has_granules=true&include_granule_counts=true
    body:
      encoding: US-ASCII
      string: ''
    headers:
      User-Agent:
      - Faraday v0.8.8
      Client-Id:
      - eed-edsc-dev
      Echo-ClientId:
      - eed-edsc-dev
  recorded_at: Mon, 11 Jul 2016 19:02:34 GMT
  digest: a08afd2fe8dc2568b2ca31fb85f51ddb315199c6
- request:
    method: get
    uri: https://cmr.earthdata.nasa.gov/search/collections.json?page_size=20&page_num=1&include_tags=edsc.%2A%2Corg.ceos.wgiss.cwic.granules.prod&sort_key%5B%5D=has_granules&sort_key%5B%5D=entry_title&echo_collection_id%5B%5D=C1229626387-LANCEMODIS&echo_collection_id%5B%5D=C1219032686-LANCEMODIS&include_has_granules=true&include_granule_counts=true
    body:
      encoding: US-ASCII
      string: ''
    headers:
      User-Agent:
      - Faraday v0.8.8
      Client-Id:
      - eed-edsc-dev
      Echo-ClientId:
      - eed-edsc-dev
  recorded_at: Sun, 10 Jul 2016 19:50:41 GMT
  digest: 45746cda98164055dd66ee6f785801f0e705aaef
- request:
    method: get
    uri: https://cmr.earthdata.nasa.gov/search/collections.json?page_size=20&page_num=1&include_tags=edsc.%2A%2Corg.ceos.wgiss.cwic.granules.prod&sort_key%5B%5D=has_granules&sort_key%5B%5D=entry_title&include_has_granules=true&include_granule_counts=true
    body:
      encoding: US-ASCII
      string: ''
    headers:
      User-Agent:
      - Faraday v0.8.8
      Client-Id:
      - eed-edsc-dev
      Echo-ClientId:
      - eed-edsc-dev
  recorded_at: Sun, 10 Jul 2016 19:50:40 GMT
  digest: bb8137c64aab3457d361a397e6d932505935d7ac
- request:
    method: get
    uri: https://cmr.earthdata.nasa.gov/search/collections.json?page_size=20&page_num=1&include_tags=edsc.%2A%2Corg.ceos.wgiss.cwic.granules.prod&sort_key%5B%5D=has_granules&sort_key%5B%5D=score&echo_collection_id%5B%5D=C1229626387-LANCEMODIS&echo_collection_id%5B%5D=C1219032686-LANCEMODIS&keyword=AST_L1AE%2A&include_has_granules=true&include_granule_counts=true
    body:
      encoding: US-ASCII
      string: ''
    headers:
      User-Agent:
      - Faraday v0.8.8
      Client-Id:
      - eed-edsc-dev
      Echo-ClientId:
      - eed-edsc-dev
  recorded_at: Sun, 10 Jul 2016 19:52:13 GMT
  digest: 2ece8d03f489cae4b0c8269bd459e9e2399949a2
- request:
    method: get
    uri: https://cmr.earthdata.nasa.gov/search/collections.json?page_size=20&page_num=1&include_tags=edsc.%2A%2Corg.ceos.wgiss.cwic.granules.prod&sort_key%5B%5D=has_granules&sort_key%5B%5D=score&echo_collection_id%5B%5D=C1229626387-LANCEMODIS&echo_collection_id%5B%5D=C1219032686-LANCEMODIS&keyword=Aqua_AMSR-E_L3_TB_23.8GHz-H%2A&include_has_granules=true&include_granule_counts=true
    body:
      encoding: US-ASCII
      string: ''
    headers:
      User-Agent:
      - Faraday v0.8.8
      Client-Id:
      - eed-edsc-dev
      Echo-ClientId:
      - eed-edsc-dev
  recorded_at: Sun, 10 Jul 2016 19:52:42 GMT
  digest: a86d6c88e5b1e90f39c0dbe1a01257326dacebdc
- request:
    method: get
    uri: https://cmr.earthdata.nasa.gov/search/collections.json?page_size=20&page_num=1&include_tags=edsc.%2A%2Corg.ceos.wgiss.cwic.granules.prod&sort_key%5B%5D=has_granules&sort_key%5B%5D=score&echo_collection_id%5B%5D=C1229626387-LANCEMODIS&echo_collection_id%5B%5D=C1219032686-LANCEMODIS&keyword=C1219032686-LANCEMODIS%2A&include_has_granules=true&include_granule_counts=true
    body:
      encoding: US-ASCII
      string: ''
    headers:
      User-Agent:
      - Faraday v0.8.8
      Client-Id:
      - eed-edsc-dev
      Echo-ClientId:
      - eed-edsc-dev
  recorded_at: Sun, 10 Jul 2016 19:50:47 GMT
  digest: 7c7721915fabe001a1ed8f0e2cf04aaa417c28b7
- request:
    method: get
    uri: https://cmr.earthdata.nasa.gov/search/collections.json?page_size=20&page_num=1&include_tags=edsc.%2A%2Corg.ceos.wgiss.cwic.granules.prod&sort_key%5B%5D=has_granules&sort_key%5B%5D=score&echo_collection_id%5B%5D=C1229626387-LANCEMODIS&echo_collection_id%5B%5D=C1219032686-LANCEMODIS&keyword=C1220111370-NSIDCV0%2A&include_has_granules=true&include_granule_counts=true
    body:
      encoding: US-ASCII
      string: ''
    headers:
      User-Agent:
      - Faraday v0.8.8
      Client-Id:
      - eed-edsc-dev
      Echo-ClientId:
      - eed-edsc-dev
  recorded_at: Sun, 10 Jul 2016 19:52:35 GMT
  digest: 9cadf0e376c28c6b1477dcc56cfae2f29f7ff580
- request:
    method: get
    uri: https://cmr.earthdata.nasa.gov/search/collections.json?page_size=20&page_num=1&include_tags=edsc.%2A%2Corg.ceos.wgiss.cwic.granules.prod&sort_key%5B%5D=has_granules&sort_key%5B%5D=score&echo_collection_id%5B%5D=C1229626387-LANCEMODIS&echo_collection_id%5B%5D=C1219032686-LANCEMODIS&keyword=C179001887-SEDAC%2A&include_has_granules=true&include_granule_counts=true
    body:
      encoding: US-ASCII
      string: ''
    headers:
      User-Agent:
      - Faraday v0.8.8
      Client-Id:
      - eed-edsc-dev
      Echo-ClientId:
      - eed-edsc-dev
  recorded_at: Sun, 10 Jul 2016 19:50:50 GMT
  digest: 1d8bf44f65be7f6d3525e0137700afd2aed2ffdc
- request:
    method: get
    uri: https://cmr.earthdata.nasa.gov/search/collections.json?page_size=20&page_num=1&include_tags=edsc.%2A%2Corg.ceos.wgiss.cwic.granules.prod&sort_key%5B%5D=has_granules&sort_key%5B%5D=score&echo_collection_id%5B%5D=C1229626387-LANCEMODIS&echo_collection_id%5B%5D=C1219032686-LANCEMODIS&keyword=C179002945-ORNL_DAAC%2A&include_has_granules=true&include_granule_counts=true
    body:
      encoding: US-ASCII
      string: ''
    headers:
      User-Agent:
      - Faraday v0.8.8
      Client-Id:
      - eed-edsc-dev
      Echo-ClientId:
      - eed-edsc-dev
  recorded_at: Sun, 10 Jul 2016 19:52:40 GMT
  digest: a1d4819ae4433ef7b38c871d171176d8969ad9b1
- request:
    method: get
    uri: https://cmr.earthdata.nasa.gov/search/collections.json?page_size=20&page_num=1&include_tags=edsc.%2A%2Corg.ceos.wgiss.cwic.granules.prod&sort_key%5B%5D=has_granules&sort_key%5B%5D=score&echo_collection_id%5B%5D=C1229626387-LANCEMODIS&echo_collection_id%5B%5D=C1219032686-LANCEMODIS&keyword=C179003030-ORNL_DAAC%2A&include_has_granules=true&include_granule_counts=true
    body:
      encoding: US-ASCII
      string: ''
    headers:
      User-Agent:
      - Faraday v0.8.8
      Client-Id:
      - eed-edsc-dev
      Echo-ClientId:
      - eed-edsc-dev
  recorded_at: Sun, 10 Jul 2016 02:37:42 GMT
  digest: e9f9dab696d0927269d99806a46212a0b37ec7b3
- request:
    method: get
    uri: https://cmr.earthdata.nasa.gov/search/collections.json?page_size=20&page_num=1&include_tags=edsc.%2A%2Corg.ceos.wgiss.cwic.granules.prod&sort_key%5B%5D=has_granules&sort_key%5B%5D=score&echo_collection_id%5B%5D=C1229626387-LANCEMODIS&echo_collection_id%5B%5D=C1219032686-LANCEMODIS&keyword=C197265171-LPDAAC_ECS%2A&include_has_granules=true&include_granule_counts=true
    body:
      encoding: US-ASCII
      string: ''
    headers:
      User-Agent:
      - Faraday v0.8.8
      Client-Id:
      - eed-edsc-dev
      Echo-ClientId:
      - eed-edsc-dev
      Echo-Token:
      - edsc
  recorded_at: Sun, 10 Jul 2016 19:52:28 GMT
  digest: 4104ff3e6fc8862275a6d7d14f88061b3b21e4e1
- request:
    method: get
    uri: https://cmr.earthdata.nasa.gov/search/collections.json?page_size=20&page_num=1&include_tags=edsc.%2A%2Corg.ceos.wgiss.cwic.granules.prod&sort_key%5B%5D=has_granules&sort_key%5B%5D=score&echo_collection_id%5B%5D=C1229626387-LANCEMODIS&echo_collection_id%5B%5D=C1219032686-LANCEMODIS&keyword=C2921042-PODAAC%2A&include_has_granules=true&include_granule_counts=true
    body:
      encoding: US-ASCII
      string: ''
    headers:
      User-Agent:
      - Faraday v0.8.8
      Client-Id:
      - eed-edsc-dev
      Echo-ClientId:
      - eed-edsc-dev
  recorded_at: Sun, 10 Jul 2016 19:50:43 GMT
  digest: 271c9629333ba1805e3363a5f248d73eabc40d63
- request:
    method: get
    uri: https://cmr.earthdata.nasa.gov/search/collections.json?page_size=20&page_num=1&include_tags=edsc.%2A%2Corg.ceos.wgiss.cwic.granules.prod&sort_key%5B%5D=has_granules&sort_key%5B%5D=score&echo_collection_id%5B%5D=C1229626387-LANCEMODIS&echo_collection_id%5B%5D=C1219032686-LANCEMODIS&keyword=C90762182-LAADS%2A&include_has_granules=true&include_granule_counts=true
    body:
      encoding: US-ASCII
      string: ''
    headers:
      User-Agent:
      - Faraday v0.8.8
      Client-Id:
      - eed-edsc-dev
      Echo-ClientId:
      - eed-edsc-dev
  recorded_at: Mon, 11 Jul 2016 19:02:43 GMT
  digest: b1b6f67f3a52e3a1df1fb0f85ea013b70fee3d52
- request:
    method: get
    uri: https://cmr.earthdata.nasa.gov/search/collections.json?page_size=20&page_num=1&include_tags=edsc.%2A%2Corg.ceos.wgiss.cwic.granules.prod&sort_key%5B%5D=has_granules&sort_key%5B%5D=score&keyword=AST_L1AE%2A&include_has_granules=true&include_granule_counts=true
    body:
      encoding: US-ASCII
      string: ''
    headers:
      User-Agent:
      - Faraday v0.8.8
      Client-Id:
      - eed-edsc-dev
      Echo-ClientId:
      - eed-edsc-dev
  recorded_at: Sun, 10 Jul 2016 19:52:13 GMT
  digest: 421c021d3b0deaf5281095b64dd3638b66a6a3ce
- request:
    method: get
    uri: https://cmr.earthdata.nasa.gov/search/collections.json?page_size=20&page_num=1&include_tags=edsc.%2A%2Corg.ceos.wgiss.cwic.granules.prod&sort_key%5B%5D=has_granules&sort_key%5B%5D=score&keyword=Aqua_AMSR-E_L3_TB_23.8GHz-H%2A&include_has_granules=true&include_granule_counts=true
    body:
      encoding: US-ASCII
      string: ''
    headers:
      User-Agent:
      - Faraday v0.8.8
      Client-Id:
      - eed-edsc-dev
      Echo-ClientId:
      - eed-edsc-dev
  recorded_at: Sun, 10 Jul 2016 19:52:42 GMT
  digest: d864e916df4c4324945f0700e6bde7f252cbbde0
- request:
    method: get
    uri: https://cmr.earthdata.nasa.gov/search/collections.json?page_size=20&page_num=1&include_tags=edsc.%2A%2Corg.ceos.wgiss.cwic.granules.prod&sort_key%5B%5D=has_granules&sort_key%5B%5D=score&keyword=C1219032686-LANCEMODIS%2A&include_has_granules=true&include_granule_counts=true
    body:
      encoding: US-ASCII
      string: ''
    headers:
      User-Agent:
      - Faraday v0.8.8
      Client-Id:
      - eed-edsc-dev
      Echo-ClientId:
      - eed-edsc-dev
  recorded_at: Sun, 10 Jul 2016 19:50:47 GMT
  digest: b689e3dbb485c7487ab5ca62dac7cc40283b8f37
- request:
    method: get
    uri: https://cmr.earthdata.nasa.gov/search/collections.json?page_size=20&page_num=1&include_tags=edsc.%2A%2Corg.ceos.wgiss.cwic.granules.prod&sort_key%5B%5D=has_granules&sort_key%5B%5D=score&keyword=C1220111370-NSIDCV0%2A&include_has_granules=true&include_granule_counts=true
    body:
      encoding: US-ASCII
      string: ''
    headers:
      User-Agent:
      - Faraday v0.8.8
      Client-Id:
      - eed-edsc-dev
      Echo-ClientId:
      - eed-edsc-dev
  recorded_at: Sun, 10 Jul 2016 19:52:34 GMT
  digest: 964288a6771309893db5c21e0cb23957d8cdb000
- request:
    method: get
    uri: https://cmr.earthdata.nasa.gov/search/collections.json?page_size=20&page_num=1&include_tags=edsc.%2A%2Corg.ceos.wgiss.cwic.granules.prod&sort_key%5B%5D=has_granules&sort_key%5B%5D=score&keyword=C179001887-SEDAC%2A&include_has_granules=true&include_granule_counts=true
    body:
      encoding: US-ASCII
      string: ''
    headers:
      User-Agent:
      - Faraday v0.8.8
      Client-Id:
      - eed-edsc-dev
      Echo-ClientId:
      - eed-edsc-dev
  recorded_at: Sun, 10 Jul 2016 19:50:49 GMT
  digest: 58c9b65c727a6ee6bf5a30a7d25bab50575dc51a
- request:
    method: get
    uri: https://cmr.earthdata.nasa.gov/search/collections.json?page_size=20&page_num=1&include_tags=edsc.%2A%2Corg.ceos.wgiss.cwic.granules.prod&sort_key%5B%5D=has_granules&sort_key%5B%5D=score&keyword=C179002945-ORNL_DAAC%2A&include_has_granules=true&include_granule_counts=true
    body:
      encoding: US-ASCII
      string: ''
    headers:
      User-Agent:
      - Faraday v0.8.8
      Client-Id:
      - eed-edsc-dev
      Echo-ClientId:
      - eed-edsc-dev
  recorded_at: Sun, 10 Jul 2016 19:52:39 GMT
  digest: 9b2a81c101f1cff018b1ddac57e004448644b4db
- request:
    method: get
    uri: https://cmr.earthdata.nasa.gov/search/collections.json?page_size=20&page_num=1&include_tags=edsc.%2A%2Corg.ceos.wgiss.cwic.granules.prod&sort_key%5B%5D=has_granules&sort_key%5B%5D=score&keyword=C179003030-ORNL_DAAC%2A&include_has_granules=true&include_granule_counts=true
    body:
      encoding: US-ASCII
      string: ''
    headers:
      User-Agent:
      - Faraday v0.8.8
      Client-Id:
      - eed-edsc-dev
      Echo-ClientId:
      - eed-edsc-dev
  recorded_at: Sun, 10 Jul 2016 02:37:41 GMT
  digest: 69667105adc8956df67c691825b5c6c20006878b
- request:
    method: get
    uri: https://cmr.earthdata.nasa.gov/search/collections.json?page_size=20&page_num=1&include_tags=edsc.%2A%2Corg.ceos.wgiss.cwic.granules.prod&sort_key%5B%5D=has_granules&sort_key%5B%5D=score&keyword=C197265171-LPDAAC_ECS%2A&include_has_granules=true&include_granule_counts=true
    body:
      encoding: US-ASCII
      string: ''
    headers:
      User-Agent:
      - Faraday v0.8.8
      Client-Id:
      - eed-edsc-dev
      Echo-ClientId:
      - eed-edsc-dev
      Echo-Token:
      - edsc
  recorded_at: Sun, 10 Jul 2016 19:52:27 GMT
  digest: 09b7521eff300374b680aadfd2dbca8cdab25d5b
- request:
    method: get
    uri: https://cmr.earthdata.nasa.gov/search/collections.json?page_size=20&page_num=1&include_tags=edsc.%2A%2Corg.ceos.wgiss.cwic.granules.prod&sort_key%5B%5D=has_granules&sort_key%5B%5D=score&keyword=C2921042-PODAAC%2A&include_has_granules=true&include_granule_counts=true
    body:
      encoding: US-ASCII
      string: ''
    headers:
      User-Agent:
      - Faraday v0.8.8
      Client-Id:
      - eed-edsc-dev
      Echo-ClientId:
      - eed-edsc-dev
  recorded_at: Sun, 10 Jul 2016 19:50:42 GMT
  digest: a89a108443a059bf8339e654b120d5c384dd4cbb
- request:
    method: get
    uri: https://cmr.earthdata.nasa.gov/search/collections.json?page_size=20&page_num=1&include_tags=edsc.%2A%2Corg.ceos.wgiss.cwic.granules.prod&sort_key%5B%5D=has_granules&sort_key%5B%5D=score&keyword=C90762182-LAADS%2A&include_has_granules=true&include_granule_counts=true
    body:
      encoding: US-ASCII
      string: ''
    headers:
      User-Agent:
      - Faraday v0.8.8
      Client-Id:
      - eed-edsc-dev
      Echo-ClientId:
      - eed-edsc-dev
  recorded_at: Mon, 11 Jul 2016 19:02:42 GMT
  digest: d241283bfc4810bc8c3cfbc3cb9eef9bfbf40ba7
- request:
    method: get
    uri: https://cmr.earthdata.nasa.gov/search/collections.json?point=10%2C-80&page_size=20&page_num=1&include_tags=edsc.%2A%2Corg.ceos.wgiss.cwic.granules.prod&sort_key%5B%5D=has_granules&sort_key%5B%5D=entry_title&echo_collection_id%5B%5D=C1229626387-LANCEMODIS&echo_collection_id%5B%5D=C1219032686-LANCEMODIS&include_has_granules=true&include_granule_counts=true
    body:
      encoding: US-ASCII
      string: ''
    headers:
      User-Agent:
      - Faraday v0.8.8
      Client-Id:
      - eed-edsc-dev
      Echo-ClientId:
      - eed-edsc-dev
      Echo-Token:
      - edsc
  recorded_at: Mon, 11 Jul 2016 18:09:35 GMT
  digest: 51ae5e7f4ba2433d55de3dc2aa1e3f5c0f69112c
- request:
    method: get
    uri: https://cmr.earthdata.nasa.gov/search/collections.json?point=10%2C-80&page_size=20&page_num=1&include_tags=edsc.%2A%2Corg.ceos.wgiss.cwic.granules.prod&sort_key%5B%5D=has_granules&sort_key%5B%5D=entry_title&include_has_granules=true&include_granule_counts=true
    body:
      encoding: US-ASCII
      string: ''
    headers:
      User-Agent:
      - Faraday v0.8.8
      Client-Id:
      - eed-edsc-dev
      Echo-ClientId:
      - eed-edsc-dev
      Echo-Token:
      - edsc
  recorded_at: Mon, 11 Jul 2016 18:09:34 GMT
  digest: cecd71a772809b4f89fe44fb3e2665f74e1e9039
- request:
    method: get
    uri: https://cmr.earthdata.nasa.gov/search/collections.json?temporal=1987-01-01T00%3A00%3A00.000Z%2C1989-01-01T00%3A00%3A00.000Z&page_size=20&page_num=1&include_tags=edsc.%2A%2Corg.ceos.wgiss.cwic.granules.prod&sort_key%5B%5D=has_granules&sort_key%5B%5D=entry_title&echo_collection_id%5B%5D=C1229626387-LANCEMODIS&echo_collection_id%5B%5D=C1219032686-LANCEMODIS&include_has_granules=true&include_granule_counts=true
    body:
      encoding: US-ASCII
      string: ''
    headers:
      User-Agent:
      - Faraday v0.8.8
      Client-Id:
      - eed-edsc-dev
      Echo-ClientId:
      - eed-edsc-dev
      Echo-Token:
      - edsc
  recorded_at: Mon, 11 Jul 2016 19:03:54 GMT
  digest: 133604d55d7b9cc98f3b09b12129169ad7731ced
- request:
    method: get
    uri: https://cmr.earthdata.nasa.gov/search/collections.json?temporal=1987-01-01T00%3A00%3A00.000Z%2C1989-01-01T00%3A00%3A00.000Z&page_size=20&page_num=1&include_tags=edsc.%2A%2Corg.ceos.wgiss.cwic.granules.prod&sort_key%5B%5D=has_granules&sort_key%5B%5D=entry_title&include_has_granules=true&include_granule_counts=true
    body:
      encoding: US-ASCII
      string: ''
    headers:
      User-Agent:
      - Faraday v0.8.8
      Client-Id:
      - eed-edsc-dev
      Echo-ClientId:
      - eed-edsc-dev
      Echo-Token:
      - edsc
  recorded_at: Mon, 11 Jul 2016 19:03:53 GMT
  digest: c4e1ff417af2710d2c3823f4b821aef1c61ea5a2
- request:
    method: get
    uri: https://cmr.earthdata.nasa.gov/search/collections.json?temporal=2014-07-10T00%3A00%3A00.000Z%2C2014-07-10T03%3A59%3A59.000Z&page_size=20&page_num=1&include_tags=edsc.%2A%2Corg.ceos.wgiss.cwic.granules.prod&sort_key%5B%5D=has_granules&sort_key%5B%5D=entry_title&echo_collection_id%5B%5D=C1229626387-LANCEMODIS&echo_collection_id%5B%5D=C1219032686-LANCEMODIS&include_has_granules=true&include_granule_counts=true
    body:
      encoding: US-ASCII
      string: ''
    headers:
      User-Agent:
      - Faraday v0.8.8
      Client-Id:
      - eed-edsc-dev
      Echo-ClientId:
      - eed-edsc-dev
  recorded_at: Mon, 11 Jul 2016 18:56:21 GMT
  digest: a9229e906ce91eb359a73bc41077170008882940
- request:
    method: get
    uri: https://cmr.earthdata.nasa.gov/search/collections.json?temporal=2014-07-10T00%3A00%3A00.000Z%2C2014-07-10T03%3A59%3A59.000Z&page_size=20&page_num=1&include_tags=edsc.%2A%2Corg.ceos.wgiss.cwic.granules.prod&sort_key%5B%5D=has_granules&sort_key%5B%5D=entry_title&include_has_granules=true&include_granule_counts=true
    body:
      encoding: US-ASCII
      string: ''
    headers:
      User-Agent:
      - Faraday v0.8.8
      Client-Id:
      - eed-edsc-dev
      Echo-ClientId:
      - eed-edsc-dev
  recorded_at: Mon, 11 Jul 2016 18:56:20 GMT
  digest: 8df6e6f842ceb04860b13066cc545aa693bfe3b3
- request:
    method: get
    uri: https://cmr.sit.earthdata.nasa.gov/search/collections.json?include_facets=v2&page_size=20&page_num=1&include_tags=edsc.%2A%2Corg.ceos.wgiss.cwic.granules.prod&sort_key%5B%5D=has_granules&sort_key%5B%5D=entry_title&echo_collection_id%5B%5D=C1229626387-LANCEMODIS&echo_collection_id%5B%5D=C1219032686-LANCEMODIS&include_has_granules=true&include_granule_counts=true
    body:
      encoding: US-ASCII
      string: ''
    headers:
      User-Agent:
      - Faraday v0.8.8
      Client-Id:
      - eed-edsc-dev
      Echo-ClientId:
      - eed-edsc-dev
  recorded_at: Fri, 08 Jul 2016 02:15:42 GMT
  digest: 266c62bcad120ffe4ade62fd9b9a42f0483d2a10
- request:
    method: get
    uri: https://cmr.sit.earthdata.nasa.gov/search/collections.json?include_facets=v2&page_size=20&page_num=1&include_tags=edsc.%2A%2Corg.ceos.wgiss.cwic.granules.prod&sort_key%5B%5D=has_granules&sort_key%5B%5D=entry_title&include_has_granules=true&include_granule_counts=true
    body:
      encoding: US-ASCII
      string: ''
    headers:
      User-Agent:
      - Faraday v0.8.8
      Client-Id:
      - eed-edsc-dev
      Echo-ClientId:
      - eed-edsc-dev
  recorded_at: Fri, 08 Jul 2016 02:15:42 GMT
  digest: 255683f7812fe24dea3df0958f8985f731d4ceee
- request:
    method: get
    uri: https://cmr.sit.earthdata.nasa.gov/search/collections.json?include_facets=v2&page_size=20&page_num=1&include_tags=edsc.%2A%2Corg.ceos.wgiss.cwic.granules.prod&sort_key%5B%5D=has_granules&sort_key%5B%5D=score&echo_collection_id%5B%5D=C1229626387-LANCEMODIS&echo_collection_id%5B%5D=C1219032686-LANCEMODIS&keyword=C1000000560-DEV08%2A&include_has_granules=true&include_granule_counts=true
    body:
      encoding: US-ASCII
      string: ''
    headers:
      User-Agent:
      - Faraday v0.8.8
      Client-Id:
      - eed-edsc-dev
      Echo-ClientId:
      - eed-edsc-dev
  recorded_at: Fri, 08 Jul 2016 02:15:47 GMT
  digest: 208cba9d37a56c1b6dd73fdf28f99c4ee3058fee
- request:
    method: get
    uri: https://cmr.sit.earthdata.nasa.gov/search/collections.json?include_facets=v2&page_size=20&page_num=1&include_tags=edsc.%2A%2Corg.ceos.wgiss.cwic.granules.prod&sort_key%5B%5D=has_granules&sort_key%5B%5D=score&keyword=C1000000560-DEV08%2A&include_has_granules=true&include_granule_counts=true
    body:
      encoding: US-ASCII
      string: ''
    headers:
      User-Agent:
      - Faraday v0.8.8
      Client-Id:
      - eed-edsc-dev
      Echo-ClientId:
      - eed-edsc-dev
  recorded_at: Fri, 08 Jul 2016 02:15:47 GMT
  digest: 66c20f56768b62a28826d2c64576af98db7c2aff
- request:
    method: get
    uri: https://cmr.sit.earthdata.nasa.gov/search/collections.json?include_facets=v2&page_size=20&page_num=1&tag_key%5B%5D=edsc.extra.gibs&include_tags=edsc.%2A%2Corg.ceos.wgiss.cwic.granules.prod&sort_key%5B%5D=has_granules&sort_key%5B%5D=entry_title&echo_collection_id%5B%5D=C1229626387-LANCEMODIS&echo_collection_id%5B%5D=C1219032686-LANCEMODIS&include_has_granules=true&include_granule_counts=true
    body:
      encoding: US-ASCII
      string: ''
    headers:
      User-Agent:
      - Faraday v0.8.8
      Client-Id:
      - eed-edsc-dev
      Echo-ClientId:
      - eed-edsc-dev
  recorded_at: Sun, 10 Jul 2016 19:56:13 GMT
  digest: bf56b81f6130d5251e62e3d7c691cb368e271e08
- request:
    method: get
    uri: https://cmr.sit.earthdata.nasa.gov/search/collections.json?include_facets=v2&page_size=20&page_num=1&tag_key%5B%5D=edsc.extra.gibs&include_tags=edsc.%2A%2Corg.ceos.wgiss.cwic.granules.prod&sort_key%5B%5D=has_granules&sort_key%5B%5D=entry_title&include_has_granules=true&include_granule_counts=true
    body:
      encoding: US-ASCII
      string: ''
    headers:
      User-Agent:
      - Faraday v0.8.8
      Client-Id:
      - eed-edsc-dev
      Echo-ClientId:
      - eed-edsc-dev
  recorded_at: Sun, 10 Jul 2016 19:56:13 GMT
  digest: 0995a161cb9908119b0e1690779cb5a9003754bb
- request:
    method: get
    uri: https://cmr.sit.earthdata.nasa.gov/search/collections.json?include_facets=v2&platform_h%5B%5D=AIRCRAFT&page_size=20&page_num=1&include_tags=edsc.%2A%2Corg.ceos.wgiss.cwic.granules.prod&sort_key%5B%5D=has_granules&sort_key%5B%5D=entry_title&echo_collection_id%5B%5D=C1229626387-LANCEMODIS&echo_collection_id%5B%5D=C1219032686-LANCEMODIS&options%5Bplatform_h%5D%5Band%5D=true&include_has_granules=true&include_granule_counts=true
    body:
      encoding: US-ASCII
      string: ''
    headers:
      User-Agent:
      - Faraday v0.8.8
      Client-Id:
      - eed-edsc-dev
      Echo-ClientId:
      - eed-edsc-dev
  recorded_at: Fri, 08 Jul 2016 02:44:05 GMT
  digest: e39ab95127a6878056faa9fd82bc7f6e655a3f61
- request:
    method: get
    uri: https://cmr.sit.earthdata.nasa.gov/search/collections.json?include_facets=v2&platform_h%5B%5D=AIRCRAFT&page_size=20&page_num=1&include_tags=edsc.%2A%2Corg.ceos.wgiss.cwic.granules.prod&sort_key%5B%5D=has_granules&sort_key%5B%5D=entry_title&options%5Bplatform_h%5D%5Band%5D=true&include_has_granules=true&include_granule_counts=true
    body:
      encoding: US-ASCII
      string: ''
    headers:
      User-Agent:
      - Faraday v0.8.8
      Client-Id:
      - eed-edsc-dev
      Echo-ClientId:
      - eed-edsc-dev
  recorded_at: Fri, 08 Jul 2016 02:44:05 GMT
  digest: 28f88365f3772aad2f54e137fc5bb35655a6107a
- request:
    method: get
    uri: https://cmr.sit.earthdata.nasa.gov/search/collections.json?include_facets=v2&processing_level_id_h%5B%5D=3&page_size=20&page_num=1&include_tags=edsc.%2A%2Corg.ceos.wgiss.cwic.granules.prod&sort_key%5B%5D=has_granules&sort_key%5B%5D=entry_title&echo_collection_id%5B%5D=C1229626387-LANCEMODIS&echo_collection_id%5B%5D=C1219032686-LANCEMODIS&options%5Bprocessing_level_id_h%5D%5Band%5D=true&include_has_granules=true&include_granule_counts=true
    body:
      encoding: US-ASCII
      string: ''
    headers:
      User-Agent:
      - Faraday v0.8.8
      Client-Id:
      - eed-edsc-dev
      Echo-ClientId:
      - eed-edsc-dev
  recorded_at: Fri, 08 Jul 2016 02:15:43 GMT
  digest: f897f14fd7f9967703091768baa7fc042ad76fe6
- request:
    method: get
    uri: https://cmr.sit.earthdata.nasa.gov/search/collections.json?include_facets=v2&processing_level_id_h%5B%5D=3&page_size=20&page_num=1&include_tags=edsc.%2A%2Corg.ceos.wgiss.cwic.granules.prod&sort_key%5B%5D=has_granules&sort_key%5B%5D=entry_title&options%5Bprocessing_level_id_h%5D%5Band%5D=true&include_has_granules=true&include_granule_counts=true
    body:
      encoding: US-ASCII
      string: ''
    headers:
      User-Agent:
      - Faraday v0.8.8
      Client-Id:
      - eed-edsc-dev
      Echo-ClientId:
      - eed-edsc-dev
  recorded_at: Fri, 08 Jul 2016 02:15:43 GMT
  digest: 4f8f6739a60b4b11da94db72ac53eb8eeb96a349
- request:
    method: get
    uri: https://cmr.sit.earthdata.nasa.gov/search/collections.json?include_facets=v2&project_h%5B%5D=EOSDIS&page_size=20&page_num=1&include_tags=edsc.%2A%2Corg.ceos.wgiss.cwic.granules.prod&sort_key%5B%5D=has_granules&sort_key%5B%5D=entry_title&echo_collection_id%5B%5D=C1229626387-LANCEMODIS&echo_collection_id%5B%5D=C1219032686-LANCEMODIS&options%5Bproject_h%5D%5Band%5D=true&include_has_granules=true&include_granule_counts=true
    body:
      encoding: US-ASCII
      string: ''
    headers:
      User-Agent:
      - Faraday v0.8.8
      Client-Id:
      - eed-edsc-dev
      Echo-ClientId:
      - eed-edsc-dev
  recorded_at: Fri, 08 Jul 2016 02:16:36 GMT
  digest: 5dec4e24dc5a3eddeebe1445a26fc19d49c30154
- request:
    method: get
    uri: https://cmr.sit.earthdata.nasa.gov/search/collections.json?include_facets=v2&project_h%5B%5D=EOSDIS&page_size=20&page_num=1&include_tags=edsc.%2A%2Corg.ceos.wgiss.cwic.granules.prod&sort_key%5B%5D=has_granules&sort_key%5B%5D=entry_title&options%5Bproject_h%5D%5Band%5D=true&include_has_granules=true&include_granule_counts=true
    body:
      encoding: US-ASCII
      string: ''
    headers:
      User-Agent:
      - Faraday v0.8.8
      Client-Id:
      - eed-edsc-dev
      Echo-ClientId:
      - eed-edsc-dev
  recorded_at: Fri, 08 Jul 2016 02:16:36 GMT
  digest: b34aeea4bcc13ccd33ee4189ad945ede1a3e6952
- request:
    method: get
    uri: https://cmr.sit.earthdata.nasa.gov/search/collections.json?include_facets=v2&project_h%5B%5D=EOSDIS&page_size=20&page_num=1&include_tags=edsc.%2A%2Corg.ceos.wgiss.cwic.granules.prod&sort_key%5B%5D=has_granules&sort_key%5B%5D=score&echo_collection_id%5B%5D=C1229626387-LANCEMODIS&echo_collection_id%5B%5D=C1219032686-LANCEMODIS&keyword=somestringthatmatchesnocollections%2A&options%5Bproject_h%5D%5Band%5D=true&include_has_granules=true&include_granule_counts=true
    body:
      encoding: US-ASCII
      string: ''
    headers:
      User-Agent:
      - Faraday v0.8.8
      Client-Id:
      - eed-edsc-dev
      Echo-ClientId:
      - eed-edsc-dev
  recorded_at: Fri, 08 Jul 2016 02:16:01 GMT
  digest: 8972b7bff9090139aa69aeca8f61651911898eae
- request:
    method: get
    uri: https://cmr.sit.earthdata.nasa.gov/search/collections.json?include_facets=v2&project_h%5B%5D=EOSDIS&page_size=20&page_num=1&include_tags=edsc.%2A%2Corg.ceos.wgiss.cwic.granules.prod&sort_key%5B%5D=has_granules&sort_key%5B%5D=score&keyword=somestringthatmatchesnocollections%2A&options%5Bproject_h%5D%5Band%5D=true&include_has_granules=true&include_granule_counts=true
    body:
      encoding: US-ASCII
      string: ''
    headers:
      User-Agent:
      - Faraday v0.8.8
      Client-Id:
      - eed-edsc-dev
      Echo-ClientId:
      - eed-edsc-dev
  recorded_at: Fri, 08 Jul 2016 02:16:01 GMT
  digest: 1348698f74ec545027fd05dd8b0f4e3fdcdc7304
- request:
    method: get
    uri: https://cmr.sit.earthdata.nasa.gov/search/collections.json?include_facets=v2&project_h%5B%5D=EOSDIS&platform_h%5B%5D=FIELD+INVESTIGATION&page_size=20&page_num=1&include_tags=edsc.%2A%2Corg.ceos.wgiss.cwic.granules.prod&sort_key%5B%5D=has_granules&sort_key%5B%5D=entry_title&echo_collection_id%5B%5D=C1229626387-LANCEMODIS&echo_collection_id%5B%5D=C1219032686-LANCEMODIS&options%5Bplatform_h%5D%5Band%5D=true&options%5Bproject_h%5D%5Band%5D=true&include_has_granules=true&include_granule_counts=true
    body:
      encoding: US-ASCII
      string: ''
    headers:
      User-Agent:
      - Faraday v0.8.8
      Client-Id:
      - eed-edsc-dev
      Echo-ClientId:
      - eed-edsc-dev
  recorded_at: Fri, 08 Jul 2016 02:16:37 GMT
  digest: d60c9313b61af36e9d4d5e315ce73aeffb1410d6
- request:
    method: get
    uri: https://cmr.sit.earthdata.nasa.gov/search/collections.json?include_facets=v2&project_h%5B%5D=EOSDIS&platform_h%5B%5D=FIELD+INVESTIGATION&page_size=20&page_num=1&include_tags=edsc.%2A%2Corg.ceos.wgiss.cwic.granules.prod&sort_key%5B%5D=has_granules&sort_key%5B%5D=entry_title&options%5Bplatform_h%5D%5Band%5D=true&options%5Bproject_h%5D%5Band%5D=true&include_has_granules=true&include_granule_counts=true
    body:
      encoding: US-ASCII
      string: ''
    headers:
      User-Agent:
      - Faraday v0.8.8
      Client-Id:
      - eed-edsc-dev
      Echo-ClientId:
      - eed-edsc-dev
  recorded_at: Fri, 08 Jul 2016 02:16:37 GMT
  digest: f2919bc7b3659d6575ce26a7170b6e3a267cf74f
- request:
    method: get
    uri: https://cmr.sit.earthdata.nasa.gov/search/collections.json?include_facets=v2&project_h%5B%5D=EOSDIS&project_h%5B%5D=ESIP&platform_h%5B%5D=FIELD+INVESTIGATION&page_size=20&page_num=1&include_tags=edsc.%2A%2Corg.ceos.wgiss.cwic.granules.prod&sort_key%5B%5D=has_granules&sort_key%5B%5D=entry_title&echo_collection_id%5B%5D=C1229626387-LANCEMODIS&echo_collection_id%5B%5D=C1219032686-LANCEMODIS&options%5Bplatform_h%5D%5Band%5D=true&options%5Bproject_h%5D%5Band%5D=true&include_has_granules=true&include_granule_counts=true
    body:
      encoding: US-ASCII
      string: ''
    headers:
      User-Agent:
      - Faraday v0.8.8
      Client-Id:
      - eed-edsc-dev
      Echo-ClientId:
      - eed-edsc-dev
  recorded_at: Fri, 08 Jul 2016 02:16:38 GMT
  digest: 2bcc1057c52fa235eba5df82804017c853d81c54
- request:
    method: get
    uri: https://cmr.sit.earthdata.nasa.gov/search/collections.json?include_facets=v2&project_h%5B%5D=EOSDIS&project_h%5B%5D=ESIP&platform_h%5B%5D=FIELD+INVESTIGATION&page_size=20&page_num=1&include_tags=edsc.%2A%2Corg.ceos.wgiss.cwic.granules.prod&sort_key%5B%5D=has_granules&sort_key%5B%5D=entry_title&options%5Bplatform_h%5D%5Band%5D=true&options%5Bproject_h%5D%5Band%5D=true&include_has_granules=true&include_granule_counts=true
    body:
      encoding: US-ASCII
      string: ''
    headers:
      User-Agent:
      - Faraday v0.8.8
      Client-Id:
      - eed-edsc-dev
      Echo-ClientId:
      - eed-edsc-dev
  recorded_at: Fri, 08 Jul 2016 02:16:38 GMT
  digest: bd8f2cf9b13aa60157297a1067a3b4b455e09f65
- request:
    method: get
    uri: https://cmr.sit.earthdata.nasa.gov/search/collections.json?include_facets=v2&project_h%5B%5D=ESIP&page_size=20&page_num=1&include_tags=edsc.%2A%2Corg.ceos.wgiss.cwic.granules.prod&sort_key%5B%5D=has_granules&sort_key%5B%5D=entry_title&echo_collection_id%5B%5D=C1229626387-LANCEMODIS&echo_collection_id%5B%5D=C1219032686-LANCEMODIS&options%5Bproject_h%5D%5Band%5D=true&include_has_granules=true&include_granule_counts=true
    body:
      encoding: US-ASCII
      string: ''
    headers:
      User-Agent:
      - Faraday v0.8.8
      Client-Id:
      - eed-edsc-dev
      Echo-ClientId:
      - eed-edsc-dev
  recorded_at: Fri, 08 Jul 2016 02:17:01 GMT
  digest: 044130f790b020ffa1a2ad1918c73dcc5980d44f
- request:
    method: get
    uri: https://cmr.sit.earthdata.nasa.gov/search/collections.json?include_facets=v2&project_h%5B%5D=ESIP&page_size=20&page_num=1&include_tags=edsc.%2A%2Corg.ceos.wgiss.cwic.granules.prod&sort_key%5B%5D=has_granules&sort_key%5B%5D=entry_title&options%5Bproject_h%5D%5Band%5D=true&include_has_granules=true&include_granule_counts=true
    body:
      encoding: US-ASCII
      string: ''
    headers:
      User-Agent:
      - Faraday v0.8.8
      Client-Id:
      - eed-edsc-dev
      Echo-ClientId:
      - eed-edsc-dev
  recorded_at: Fri, 08 Jul 2016 02:17:01 GMT
  digest: e07b4526023bfeb19d18752e493788f87e8ec3c8
- request:
    method: get
    uri: https://cmr.sit.earthdata.nasa.gov/search/collections.json?include_facets=v2&project_h%5B%5D=ESIP&project_h%5B%5D=EOSDIS&page_size=20&page_num=1&include_tags=edsc.%2A%2Corg.ceos.wgiss.cwic.granules.prod&sort_key%5B%5D=has_granules&sort_key%5B%5D=entry_title&echo_collection_id%5B%5D=C1229626387-LANCEMODIS&echo_collection_id%5B%5D=C1219032686-LANCEMODIS&options%5Bproject_h%5D%5Band%5D=true&include_has_granules=true&include_granule_counts=true
    body:
      encoding: US-ASCII
      string: ''
    headers:
      User-Agent:
      - Faraday v0.8.8
      Client-Id:
      - eed-edsc-dev
      Echo-ClientId:
      - eed-edsc-dev
  recorded_at: Fri, 08 Jul 2016 02:17:03 GMT
  digest: f4d7db9a8fc0ae9fae9dfe6787aa1fd4184b4159
- request:
    method: get
    uri: https://cmr.sit.earthdata.nasa.gov/search/collections.json?include_facets=v2&project_h%5B%5D=ESIP&project_h%5B%5D=EOSDIS&page_size=20&page_num=1&include_tags=edsc.%2A%2Corg.ceos.wgiss.cwic.granules.prod&sort_key%5B%5D=has_granules&sort_key%5B%5D=entry_title&options%5Bproject_h%5D%5Band%5D=true&include_has_granules=true&include_granule_counts=true
    body:
      encoding: US-ASCII
      string: ''
    headers:
      User-Agent:
      - Faraday v0.8.8
      Client-Id:
      - eed-edsc-dev
      Echo-ClientId:
      - eed-edsc-dev
  recorded_at: Fri, 08 Jul 2016 02:17:03 GMT
  digest: ccd15ecb7308cdaa1be78ee02cae49e8560590d2
- request:
    method: get
    uri: https://cmr.sit.earthdata.nasa.gov/search/collections.json?include_facets=v2&project_h%5B%5D=ESSP&page_size=20&page_num=1&include_tags=edsc.%2A%2Corg.ceos.wgiss.cwic.granules.prod&sort_key%5B%5D=has_granules&sort_key%5B%5D=entry_title&echo_collection_id%5B%5D=C1229626387-LANCEMODIS&echo_collection_id%5B%5D=C1219032686-LANCEMODIS&options%5Bproject_h%5D%5Band%5D=true&include_has_granules=true&include_granule_counts=true
    body:
      encoding: US-ASCII
      string: ''
    headers:
      User-Agent:
      - Faraday v0.8.8
      Client-Id:
      - eed-edsc-dev
      Echo-ClientId:
      - eed-edsc-dev
  recorded_at: Fri, 08 Jul 2016 02:56:19 GMT
  digest: ba723df4c542b4273861047af50221c8aa3a7e98
- request:
    method: get
    uri: https://cmr.sit.earthdata.nasa.gov/search/collections.json?include_facets=v2&project_h%5B%5D=ESSP&page_size=20&page_num=1&include_tags=edsc.%2A%2Corg.ceos.wgiss.cwic.granules.prod&sort_key%5B%5D=has_granules&sort_key%5B%5D=entry_title&options%5Bproject_h%5D%5Band%5D=true&include_has_granules=true&include_granule_counts=true
    body:
      encoding: US-ASCII
      string: ''
    headers:
      User-Agent:
      - Faraday v0.8.8
      Client-Id:
      - eed-edsc-dev
      Echo-ClientId:
      - eed-edsc-dev
  recorded_at: Fri, 08 Jul 2016 02:56:19 GMT
  digest: dfad41f9f96772397ba8ea994c5ff78329a9031a
- request:
    method: get
    uri: https://cmr.sit.earthdata.nasa.gov/search/collections.json?include_facets=v2&science_keywords_h%5B0%5D%5Bcategory%5D=Earth+Science&page_size=20&page_num=1&include_tags=edsc.%2A%2Corg.ceos.wgiss.cwic.granules.prod&sort_key%5B%5D=has_granules&sort_key%5B%5D=entry_title&echo_collection_id%5B%5D=C1229626387-LANCEMODIS&echo_collection_id%5B%5D=C1219032686-LANCEMODIS&include_has_granules=true&include_granule_counts=true
    body:
      encoding: US-ASCII
      string: ''
    headers:
      User-Agent:
      - Faraday v0.8.8
      Client-Id:
      - eed-edsc-dev
      Echo-ClientId:
      - eed-edsc-dev
  recorded_at: Fri, 08 Jul 2016 02:17:27 GMT
  digest: 5b76efb7084a0bcb387d0bc5939680a17f882733
- request:
    method: get
    uri: https://cmr.sit.earthdata.nasa.gov/search/collections.json?include_facets=v2&science_keywords_h%5B0%5D%5Bcategory%5D=Earth+Science&page_size=20&page_num=1&include_tags=edsc.%2A%2Corg.ceos.wgiss.cwic.granules.prod&sort_key%5B%5D=has_granules&sort_key%5B%5D=entry_title&include_has_granules=true&include_granule_counts=true
    body:
      encoding: US-ASCII
      string: ''
    headers:
      User-Agent:
      - Faraday v0.8.8
      Client-Id:
      - eed-edsc-dev
      Echo-ClientId:
      - eed-edsc-dev
  recorded_at: Fri, 08 Jul 2016 02:17:26 GMT
  digest: 1c3a1fb07f9c7a6c516d7d68d979c834ab949b58
- request:
    method: get
    uri: https://cmr.sit.earthdata.nasa.gov/search/collections.json?include_facets=v2&science_keywords_h%5B0%5D%5Bcategory%5D=Earth+Science&page_size=20&page_num=1&include_tags=edsc.%2A%2Corg.ceos.wgiss.cwic.granules.prod&sort_key%5B%5D=has_granules&sort_key%5B%5D=score&echo_collection_id%5B%5D=C1229626387-LANCEMODIS&echo_collection_id%5B%5D=C1219032686-LANCEMODIS&keyword=C1000000560-DEV08%2A&include_has_granules=true&include_granule_counts=true
    body:
      encoding: US-ASCII
      string: ''
    headers:
      User-Agent:
      - Faraday v0.8.8
      Client-Id:
      - eed-edsc-dev
      Echo-ClientId:
      - eed-edsc-dev
  recorded_at: Fri, 08 Jul 2016 02:15:48 GMT
  digest: 05f5ed8772a07e3f8bc3cd7d4ef9748fcb560e3e
- request:
    method: get
    uri: https://cmr.sit.earthdata.nasa.gov/search/collections.json?include_facets=v2&science_keywords_h%5B0%5D%5Bcategory%5D=Earth+Science&page_size=20&page_num=1&include_tags=edsc.%2A%2Corg.ceos.wgiss.cwic.granules.prod&sort_key%5B%5D=has_granules&sort_key%5B%5D=score&keyword=C1000000560-DEV08%2A&include_has_granules=true&include_granule_counts=true
    body:
      encoding: US-ASCII
      string: ''
    headers:
      User-Agent:
      - Faraday v0.8.8
      Client-Id:
      - eed-edsc-dev
      Echo-ClientId:
      - eed-edsc-dev
  recorded_at: Fri, 08 Jul 2016 02:15:48 GMT
  digest: 7fbb0feee34828a27dec1de7df1ee9dff9fc4853
- request:
    method: get
    uri: https://cmr.sit.earthdata.nasa.gov/search/collections.json?include_facets=v2&science_keywords_h%5B0%5D%5Bcategory%5D=Earth+Science&science_keywords_h%5B1%5D%5Btopic%5D=Agriculture&page_size=20&page_num=1&include_tags=edsc.%2A%2Corg.ceos.wgiss.cwic.granules.prod&sort_key%5B%5D=has_granules&sort_key%5B%5D=entry_title&echo_collection_id%5B%5D=C1229626387-LANCEMODIS&echo_collection_id%5B%5D=C1219032686-LANCEMODIS&include_has_granules=true&include_granule_counts=true
    body:
      encoding: US-ASCII
      string: ''
    headers:
      User-Agent:
      - Faraday v0.8.8
      Client-Id:
      - eed-edsc-dev
      Echo-ClientId:
      - eed-edsc-dev
  recorded_at: Fri, 08 Jul 2016 05:30:34 GMT
  digest: 3a3943dba2ac4612e617320dc4a645ccc999e48e
- request:
    method: get
    uri: https://cmr.sit.earthdata.nasa.gov/search/collections.json?include_facets=v2&science_keywords_h%5B0%5D%5Bcategory%5D=Earth+Science&science_keywords_h%5B1%5D%5Btopic%5D=Agriculture&page_size=20&page_num=1&include_tags=edsc.%2A%2Corg.ceos.wgiss.cwic.granules.prod&sort_key%5B%5D=has_granules&sort_key%5B%5D=entry_title&include_has_granules=true&include_granule_counts=true
    body:
      encoding: US-ASCII
      string: ''
    headers:
      User-Agent:
      - Faraday v0.8.8
      Client-Id:
      - eed-edsc-dev
      Echo-ClientId:
      - eed-edsc-dev
  recorded_at: Fri, 08 Jul 2016 05:30:34 GMT
  digest: 934f063d324b3d977b167330a65a1aeb5c5c5cab
- request:
    method: get
    uri: https://cmr.sit.earthdata.nasa.gov/search/collections.json?include_facets=v2&science_keywords_h%5B0%5D%5Bcategory%5D=Earth+Science&science_keywords_h%5B1%5D%5Btopic%5D=Agriculture&science_keywords_h%5B2%5D%5Bterm%5D=Agricultural+Chemicals&page_size=20&page_num=1&include_tags=edsc.%2A%2Corg.ceos.wgiss.cwic.granules.prod&sort_key%5B%5D=has_granules&sort_key%5B%5D=entry_title&echo_collection_id%5B%5D=C1229626387-LANCEMODIS&echo_collection_id%5B%5D=C1219032686-LANCEMODIS&include_has_granules=true&include_granule_counts=true
    body:
      encoding: US-ASCII
      string: ''
    headers:
      User-Agent:
      - Faraday v0.8.8
      Client-Id:
      - eed-edsc-dev
      Echo-ClientId:
      - eed-edsc-dev
  recorded_at: Fri, 08 Jul 2016 05:30:36 GMT
  digest: 7de842430d22e70d7579743c2ff27a16668926e2
- request:
    method: get
    uri: https://cmr.sit.earthdata.nasa.gov/search/collections.json?include_facets=v2&science_keywords_h%5B0%5D%5Bcategory%5D=Earth+Science&science_keywords_h%5B1%5D%5Btopic%5D=Agriculture&science_keywords_h%5B2%5D%5Bterm%5D=Agricultural+Chemicals&page_size=20&page_num=1&include_tags=edsc.%2A%2Corg.ceos.wgiss.cwic.granules.prod&sort_key%5B%5D=has_granules&sort_key%5B%5D=entry_title&include_has_granules=true&include_granule_counts=true
    body:
      encoding: US-ASCII
      string: ''
    headers:
      User-Agent:
      - Faraday v0.8.8
      Client-Id:
      - eed-edsc-dev
      Echo-ClientId:
      - eed-edsc-dev
  recorded_at: Fri, 08 Jul 2016 05:30:36 GMT
  digest: 8fd69e44ae3e98ca596262902557187902232558
- request:
    method: get
    uri: https://cmr.sit.earthdata.nasa.gov/search/collections.json?include_facets=v2&science_keywords_h%5B0%5D%5Bcategory%5D=Earth+Science&science_keywords_h%5B1%5D%5Btopic%5D=Agriculture&science_keywords_h%5B2%5D%5Bterm%5D=Agricultural+Chemicals&science_keywords_h%5B3%5D%5Bvariable_level_1%5D=Fertilizers&page_size=20&page_num=1&include_tags=edsc.%2A%2Corg.ceos.wgiss.cwic.granules.prod&sort_key%5B%5D=has_granules&sort_key%5B%5D=score&echo_collection_id%5B%5D=C1229626387-LANCEMODIS&echo_collection_id%5B%5D=C1219032686-LANCEMODIS&keyword=somestringthatmatchesnocollections%2A&include_has_granules=true&include_granule_counts=true
    body:
      encoding: US-ASCII
      string: ''
    headers:
      User-Agent:
      - Faraday v0.8.8
      Client-Id:
      - eed-edsc-dev
      Echo-ClientId:
      - eed-edsc-dev
  recorded_at: Fri, 08 Jul 2016 05:30:38 GMT
  digest: c3fea567dfcbaecc1b467a9f801b4ce3eabea699
- request:
    method: get
    uri: https://cmr.sit.earthdata.nasa.gov/search/collections.json?include_facets=v2&science_keywords_h%5B0%5D%5Bcategory%5D=Earth+Science&science_keywords_h%5B1%5D%5Btopic%5D=Agriculture&science_keywords_h%5B2%5D%5Bterm%5D=Agricultural+Chemicals&science_keywords_h%5B3%5D%5Bvariable_level_1%5D=Fertilizers&page_size=20&page_num=1&include_tags=edsc.%2A%2Corg.ceos.wgiss.cwic.granules.prod&sort_key%5B%5D=has_granules&sort_key%5B%5D=score&keyword=somestringthatmatchesnocollections%2A&include_has_granules=true&include_granule_counts=true
    body:
      encoding: US-ASCII
      string: ''
    headers:
      User-Agent:
      - Faraday v0.8.8
      Client-Id:
      - eed-edsc-dev
      Echo-ClientId:
      - eed-edsc-dev
  recorded_at: Fri, 08 Jul 2016 05:30:38 GMT
  digest: 5c31342d49dfe72890e69679a13930f2a7d6afbf
- request:
    method: get
    uri: https://cmr.sit.earthdata.nasa.gov/search/collections.json?include_facets=v2&science_keywords_h%5B0%5D%5Bcategory%5D=Earth+Science&science_keywords_h%5B1%5D%5Btopic%5D=Atmosphere&page_size=20&page_num=1&include_tags=edsc.%2A%2Corg.ceos.wgiss.cwic.granules.prod&sort_key%5B%5D=has_granules&sort_key%5B%5D=entry_title&echo_collection_id%5B%5D=C1229626387-LANCEMODIS&echo_collection_id%5B%5D=C1219032686-LANCEMODIS&include_has_granules=true&include_granule_counts=true
    body:
      encoding: US-ASCII
      string: ''
    headers:
      User-Agent:
      - Faraday v0.8.8
      Client-Id:
      - eed-edsc-dev
      Echo-ClientId:
      - eed-edsc-dev
  recorded_at: Fri, 08 Jul 2016 03:13:59 GMT
  digest: 78c359c16ebf73abf83d94323c219f921eb376cb
- request:
    method: get
    uri: https://cmr.sit.earthdata.nasa.gov/search/collections.json?include_facets=v2&science_keywords_h%5B0%5D%5Bcategory%5D=Earth+Science&science_keywords_h%5B1%5D%5Btopic%5D=Atmosphere&page_size=20&page_num=1&include_tags=edsc.%2A%2Corg.ceos.wgiss.cwic.granules.prod&sort_key%5B%5D=has_granules&sort_key%5B%5D=entry_title&include_has_granules=true&include_granule_counts=true
    body:
      encoding: US-ASCII
      string: ''
    headers:
      User-Agent:
      - Faraday v0.8.8
      Client-Id:
      - eed-edsc-dev
      Echo-ClientId:
      - eed-edsc-dev
  recorded_at: Fri, 08 Jul 2016 03:13:59 GMT
  digest: 889a09cc43b41a140bdc5266290a975b3d82bd25
- request:
    method: get
    uri: https://cmr.sit.earthdata.nasa.gov/search/collections.json?include_facets=v2&science_keywords_h%5B0%5D%5Bcategory%5D=Earth+Science&science_keywords_h%5B1%5D%5Btopic%5D=Atmosphere&page_size=20&page_num=1&include_tags=edsc.%2A%2Corg.ceos.wgiss.cwic.granules.prod&sort_key%5B%5D=has_granules&sort_key%5B%5D=score&echo_collection_id%5B%5D=C1229626387-LANCEMODIS&echo_collection_id%5B%5D=C1219032686-LANCEMODIS&keyword=somestringthatmatchesnocollections%2A&include_has_granules=true&include_granule_counts=true
    body:
      encoding: US-ASCII
      string: ''
    headers:
      User-Agent:
      - Faraday v0.8.8
      Client-Id:
      - eed-edsc-dev
      Echo-ClientId:
      - eed-edsc-dev
  recorded_at: Fri, 08 Jul 2016 02:17:29 GMT
  digest: 0549b8c711edf2e97bf75e78413907925331ad79
- request:
    method: get
    uri: https://cmr.sit.earthdata.nasa.gov/search/collections.json?include_facets=v2&science_keywords_h%5B0%5D%5Bcategory%5D=Earth+Science&science_keywords_h%5B1%5D%5Btopic%5D=Atmosphere&page_size=20&page_num=1&include_tags=edsc.%2A%2Corg.ceos.wgiss.cwic.granules.prod&sort_key%5B%5D=has_granules&sort_key%5B%5D=score&keyword=somestringthatmatchesnocollections%2A&include_has_granules=true&include_granule_counts=true
    body:
      encoding: US-ASCII
      string: ''
    headers:
      User-Agent:
      - Faraday v0.8.8
      Client-Id:
      - eed-edsc-dev
      Echo-ClientId:
      - eed-edsc-dev
  recorded_at: Fri, 08 Jul 2016 02:17:28 GMT
  digest: 8ca9e29678631f6819c12803238b81a1ed9797a1
- request:
    method: get
    uri: https://cmr.sit.earthdata.nasa.gov/search/collections.json?include_facets=v2&science_keywords_h%5B0%5D%5Bcategory%5D=Earth+Science&science_keywords_h%5B1%5D%5Btopic%5D=Atmosphere&science_keywords_h%5B2%5D%5Bterm%5D=Aerosols&page_size=20&page_num=1&include_tags=edsc.%2A%2Corg.ceos.wgiss.cwic.granules.prod&sort_key%5B%5D=has_granules&sort_key%5B%5D=entry_title&echo_collection_id%5B%5D=C1229626387-LANCEMODIS&echo_collection_id%5B%5D=C1219032686-LANCEMODIS&include_has_granules=true&include_granule_counts=true
    body:
      encoding: US-ASCII
      string: ''
    headers:
      User-Agent:
      - Faraday v0.8.8
      Client-Id:
      - eed-edsc-dev
      Echo-ClientId:
      - eed-edsc-dev
  recorded_at: Fri, 08 Jul 2016 03:14:01 GMT
  digest: f764e9ee4db60667c28278450e250159847202df
- request:
    method: get
    uri: https://cmr.sit.earthdata.nasa.gov/search/collections.json?include_facets=v2&science_keywords_h%5B0%5D%5Bcategory%5D=Earth+Science&science_keywords_h%5B1%5D%5Btopic%5D=Atmosphere&science_keywords_h%5B2%5D%5Bterm%5D=Aerosols&page_size=20&page_num=1&include_tags=edsc.%2A%2Corg.ceos.wgiss.cwic.granules.prod&sort_key%5B%5D=has_granules&sort_key%5B%5D=entry_title&include_has_granules=true&include_granule_counts=true
    body:
      encoding: US-ASCII
      string: ''
    headers:
      User-Agent:
      - Faraday v0.8.8
      Client-Id:
      - eed-edsc-dev
      Echo-ClientId:
      - eed-edsc-dev
  recorded_at: Fri, 08 Jul 2016 03:14:00 GMT
  digest: ac6731cade3ac7b9baa433befb3bb36b97227dad
- request:
    method: get
    uri: https://cmr.sit.earthdata.nasa.gov/search/collections.json?include_facets=v2&science_keywords_h%5B0%5D%5Bcategory%5D=Earth+Science&science_keywords_h%5B1%5D%5Btopic%5D=Atmosphere&science_keywords_h%5B2%5D%5Bterm%5D=Aerosols&science_keywords_h%5B3%5D%5Bvariable_level_1%5D=Aerosol+Extinction&page_size=20&page_num=1&include_tags=edsc.%2A%2Corg.ceos.wgiss.cwic.granules.prod&sort_key%5B%5D=has_granules&sort_key%5B%5D=entry_title&echo_collection_id%5B%5D=C1229626387-LANCEMODIS&echo_collection_id%5B%5D=C1219032686-LANCEMODIS&include_has_granules=true&include_granule_counts=true
    body:
      encoding: US-ASCII
      string: ''
    headers:
      User-Agent:
      - Faraday v0.8.8
      Client-Id:
      - eed-edsc-dev
      Echo-ClientId:
      - eed-edsc-dev
  recorded_at: Fri, 08 Jul 2016 03:14:04 GMT
  digest: 285715087c1bb4c77607584b1f9db449e5159845
- request:
    method: get
    uri: https://cmr.sit.earthdata.nasa.gov/search/collections.json?include_facets=v2&science_keywords_h%5B0%5D%5Bcategory%5D=Earth+Science&science_keywords_h%5B1%5D%5Btopic%5D=Atmosphere&science_keywords_h%5B2%5D%5Bterm%5D=Aerosols&science_keywords_h%5B3%5D%5Bvariable_level_1%5D=Aerosol+Extinction&page_size=20&page_num=1&include_tags=edsc.%2A%2Corg.ceos.wgiss.cwic.granules.prod&sort_key%5B%5D=has_granules&sort_key%5B%5D=entry_title&include_has_granules=true&include_granule_counts=true
    body:
      encoding: US-ASCII
      string: ''
    headers:
      User-Agent:
      - Faraday v0.8.8
      Client-Id:
      - eed-edsc-dev
      Echo-ClientId:
      - eed-edsc-dev
  recorded_at: Fri, 08 Jul 2016 03:14:03 GMT
  digest: 57a37b59e43b7eaaa72821ee55f666a4465d9fb1
- request:
    method: get
    uri: https://cmr.sit.earthdata.nasa.gov/search/collections.json?include_facets=v2&science_keywords_h%5B0%5D%5Bcategory%5D=Earth+Science&science_keywords_h%5B1%5D%5Btopic%5D=Spectral%2FEngineering&page_size=20&page_num=1&include_tags=edsc.%2A%2Corg.ceos.wgiss.cwic.granules.prod&sort_key%5B%5D=has_granules&sort_key%5B%5D=score&echo_collection_id%5B%5D=C1229626387-LANCEMODIS&echo_collection_id%5B%5D=C1219032686-LANCEMODIS&keyword=C1000000560-DEV08%2A&include_has_granules=true&include_granule_counts=true
    body:
      encoding: US-ASCII
      string: ''
    headers:
      User-Agent:
      - Faraday v0.8.8
      Client-Id:
      - eed-edsc-dev
      Echo-ClientId:
      - eed-edsc-dev
  recorded_at: Fri, 08 Jul 2016 02:15:49 GMT
  digest: ae6f8353df83c4eb8ae5ed11f4b32114b448b24c
- request:
    method: get
    uri: https://cmr.sit.earthdata.nasa.gov/search/collections.json?include_facets=v2&science_keywords_h%5B0%5D%5Bcategory%5D=Earth+Science&science_keywords_h%5B1%5D%5Btopic%5D=Spectral%2FEngineering&page_size=20&page_num=1&include_tags=edsc.%2A%2Corg.ceos.wgiss.cwic.granules.prod&sort_key%5B%5D=has_granules&sort_key%5B%5D=score&keyword=C1000000560-DEV08%2A&include_has_granules=true&include_granule_counts=true
    body:
      encoding: US-ASCII
      string: ''
    headers:
      User-Agent:
      - Faraday v0.8.8
      Client-Id:
      - eed-edsc-dev
      Echo-ClientId:
      - eed-edsc-dev
  recorded_at: Fri, 08 Jul 2016 02:15:49 GMT
  digest: 533e274195c14dd7a9bda9d343d3943299d8f1db
- request:
    method: get
    uri: https://cmr.sit.earthdata.nasa.gov/search/collections.json?page_size=20&page_num=1&include_tags=edsc.%2A%2Corg.ceos.wgiss.cwic.granules.prod&sort_key%5B%5D=has_granules&sort_key%5B%5D=entry_title&echo_collection_id%5B%5D=C1229626387-LANCEMODIS&echo_collection_id%5B%5D=C1219032686-LANCEMODIS&include_has_granules=true&include_granule_counts=true
    body:
      encoding: US-ASCII
      string: ''
    headers:
      User-Agent:
      - Faraday v0.8.8
      Client-Id:
      - eed-edsc-dev
      Echo-ClientId:
      - eed-edsc-dev
  recorded_at: Sun, 10 Jul 2016 19:40:07 GMT
  digest: b699d9b46f7dea279e1738ccd961c8eae2707e01
- request:
    method: get
    uri: https://cmr.sit.earthdata.nasa.gov/search/collections.json?page_size=20&page_num=1&include_tags=edsc.%2A%2Corg.ceos.wgiss.cwic.granules.prod&sort_key%5B%5D=has_granules&sort_key%5B%5D=entry_title&include_has_granules=true&include_granule_counts=true
    body:
      encoding: US-ASCII
      string: ''
    headers:
      User-Agent:
      - Faraday v0.8.8
      Client-Id:
      - eed-edsc-dev
      Echo-ClientId:
      - eed-edsc-dev
  recorded_at: Sun, 10 Jul 2016 19:40:07 GMT
  digest: 6a4b05902e568437a87e948b027e41b997294f42
- request:
    method: get
    uri: https://cmr.sit.earthdata.nasa.gov/search/collections.json?page_size=20&page_num=1&include_tags=edsc.%2A%2Corg.ceos.wgiss.cwic.granules.prod&sort_key%5B%5D=has_granules&sort_key%5B%5D=score&echo_collection_id%5B%5D=C1229626387-LANCEMODIS&echo_collection_id%5B%5D=C1219032686-LANCEMODIS&keyword=C1000000083-DEMO_PROV%2A&include_has_granules=true&include_granule_counts=true
    body:
      encoding: US-ASCII
      string: ''
    headers:
      User-Agent:
      - Faraday v0.8.8
      Client-Id:
      - eed-edsc-dev
      Echo-ClientId:
      - eed-edsc-dev
  recorded_at: Sun, 10 Jul 2016 19:40:09 GMT
  digest: 1b0e2d790cc5854256a8c8c430eaa61df87d6adb
- request:
    method: get
    uri: https://cmr.sit.earthdata.nasa.gov/search/collections.json?page_size=20&page_num=1&include_tags=edsc.%2A%2Corg.ceos.wgiss.cwic.granules.prod&sort_key%5B%5D=has_granules&sort_key%5B%5D=score&echo_collection_id%5B%5D=C1229626387-LANCEMODIS&echo_collection_id%5B%5D=C1219032686-LANCEMODIS&keyword=C1000000257-DEV07%2A&include_has_granules=true&include_granule_counts=true
    body:
      encoding: US-ASCII
      string: ''
    headers:
      User-Agent:
      - Faraday v0.8.8
      Client-Id:
      - eed-edsc-dev
      Echo-ClientId:
      - eed-edsc-dev
  recorded_at: Sun, 10 Jul 2016 02:37:46 GMT
  digest: 5e8894a58e91e8a344519eec2f1b271c8aca8afe
- request:
    method: get
    uri: https://cmr.sit.earthdata.nasa.gov/search/collections.json?page_size=20&page_num=1&include_tags=edsc.%2A%2Corg.ceos.wgiss.cwic.granules.prod&sort_key%5B%5D=has_granules&sort_key%5B%5D=score&echo_collection_id%5B%5D=C1229626387-LANCEMODIS&echo_collection_id%5B%5D=C1219032686-LANCEMODIS&keyword=C1002-LPDAAC_TBD%2A&include_has_granules=true&include_granule_counts=true
    body:
      encoding: US-ASCII
      string: ''
    headers:
      User-Agent:
      - Faraday v0.8.8
      Client-Id:
      - eed-edsc-dev
      Echo-ClientId:
      - eed-edsc-dev
  recorded_at: Sun, 10 Jul 2016 19:40:11 GMT
  digest: d9b1633c22fdaca3d1a337788d7c13f36291f750
- request:
    method: get
    uri: https://cmr.sit.earthdata.nasa.gov/search/collections.json?page_size=20&page_num=1&include_tags=edsc.%2A%2Corg.ceos.wgiss.cwic.granules.prod&sort_key%5B%5D=has_granules&sort_key%5B%5D=score&echo_collection_id%5B%5D=C1229626387-LANCEMODIS&echo_collection_id%5B%5D=C1219032686-LANCEMODIS&keyword=C1200019403-MMT_2%2A&include_has_granules=true&include_granule_counts=true
    body:
      encoding: US-ASCII
      string: ''
    headers:
      User-Agent:
      - Faraday v0.8.8
      Client-Id:
      - eed-edsc-dev
      Echo-ClientId:
      - eed-edsc-dev
  recorded_at: Sun, 10 Jul 2016 19:40:13 GMT
  digest: 79a8e825ea62b62cb542c4deaa79603577fbe77f
- request:
    method: get
    uri: https://cmr.sit.earthdata.nasa.gov/search/collections.json?page_size=20&page_num=1&include_tags=edsc.%2A%2Corg.ceos.wgiss.cwic.granules.prod&sort_key%5B%5D=has_granules&sort_key%5B%5D=score&echo_collection_id%5B%5D=C1229626387-LANCEMODIS&echo_collection_id%5B%5D=C1219032686-LANCEMODIS&keyword=C1200208323-SCIOPS%2A&include_has_granules=true&include_granule_counts=true
    body:
      encoding: US-ASCII
      string: ''
    headers:
      User-Agent:
      - Faraday v0.8.8
      Client-Id:
      - eed-edsc-dev
      Echo-ClientId:
      - eed-edsc-dev
  recorded_at: Sun, 10 Jul 2016 19:40:10 GMT
  digest: 256a28b924f5bad5003e153699b270d87289045c
- request:
    method: get
    uri: https://cmr.sit.earthdata.nasa.gov/search/collections.json?page_size=20&page_num=1&include_tags=edsc.%2A%2Corg.ceos.wgiss.cwic.granules.prod&sort_key%5B%5D=has_granules&sort_key%5B%5D=score&echo_collection_id%5B%5D=C1229626387-LANCEMODIS&echo_collection_id%5B%5D=C1219032686-LANCEMODIS&keyword=C24936-LAADS%2A&include_has_granules=true&include_granule_counts=true
    body:
      encoding: US-ASCII
      string: ''
    headers:
      User-Agent:
      - Faraday v0.8.8
      Client-Id:
      - eed-edsc-dev
      Echo-ClientId:
      - eed-edsc-dev
  recorded_at: Sun, 10 Jul 2016 19:50:45 GMT
  digest: 903c683ac8e209e5ca622e134eb8e8eb20c2254d
- request:
    method: get
    uri: https://cmr.sit.earthdata.nasa.gov/search/collections.json?page_size=20&page_num=1&include_tags=edsc.%2A%2Corg.ceos.wgiss.cwic.granules.prod&sort_key%5B%5D=has_granules&sort_key%5B%5D=score&keyword=C1000000083-DEMO_PROV%2A&include_has_granules=true&include_granule_counts=true
    body:
      encoding: US-ASCII
      string: ''
    headers:
      User-Agent:
      - Faraday v0.8.8
      Client-Id:
      - eed-edsc-dev
      Echo-ClientId:
      - eed-edsc-dev
  recorded_at: Sun, 10 Jul 2016 19:40:08 GMT
  digest: 993163d2d8231d8b8494ca981f8da35a12cad261
- request:
    method: get
    uri: https://cmr.sit.earthdata.nasa.gov/search/collections.json?page_size=20&page_num=1&include_tags=edsc.%2A%2Corg.ceos.wgiss.cwic.granules.prod&sort_key%5B%5D=has_granules&sort_key%5B%5D=score&keyword=C1000000257-DEV07%2A&include_has_granules=true&include_granule_counts=true
    body:
      encoding: US-ASCII
      string: ''
    headers:
      User-Agent:
      - Faraday v0.8.8
      Client-Id:
      - eed-edsc-dev
      Echo-ClientId:
      - eed-edsc-dev
  recorded_at: Sun, 10 Jul 2016 02:37:45 GMT
  digest: 977ac8d78fe8569cfc114dac5839f1141c2ff2c7
- request:
    method: get
    uri: https://cmr.sit.earthdata.nasa.gov/search/collections.json?page_size=20&page_num=1&include_tags=edsc.%2A%2Corg.ceos.wgiss.cwic.granules.prod&sort_key%5B%5D=has_granules&sort_key%5B%5D=score&keyword=C1002-LPDAAC_TBD%2A&include_has_granules=true&include_granule_counts=true
    body:
      encoding: US-ASCII
      string: ''
    headers:
      User-Agent:
      - Faraday v0.8.8
      Client-Id:
      - eed-edsc-dev
      Echo-ClientId:
      - eed-edsc-dev
  recorded_at: Sun, 10 Jul 2016 19:40:11 GMT
  digest: 8f9b6da1d91b7179add19224d40ebf41b2998e62
- request:
    method: get
    uri: https://cmr.sit.earthdata.nasa.gov/search/collections.json?page_size=20&page_num=1&include_tags=edsc.%2A%2Corg.ceos.wgiss.cwic.granules.prod&sort_key%5B%5D=has_granules&sort_key%5B%5D=score&keyword=C1200019403-MMT_2%2A&include_has_granules=true&include_granule_counts=true
    body:
      encoding: US-ASCII
      string: ''
    headers:
      User-Agent:
      - Faraday v0.8.8
      Client-Id:
      - eed-edsc-dev
      Echo-ClientId:
      - eed-edsc-dev
  recorded_at: Sun, 10 Jul 2016 19:40:12 GMT
  digest: 89fbd4cf862dbcbcdc94a0eedbc40af4ac4e7887
- request:
    method: get
    uri: https://cmr.sit.earthdata.nasa.gov/search/collections.json?page_size=20&page_num=1&include_tags=edsc.%2A%2Corg.ceos.wgiss.cwic.granules.prod&sort_key%5B%5D=has_granules&sort_key%5B%5D=score&keyword=C1200208323-SCIOPS%2A&include_has_granules=true&include_granule_counts=true
    body:
      encoding: US-ASCII
      string: ''
    headers:
      User-Agent:
      - Faraday v0.8.8
      Client-Id:
      - eed-edsc-dev
      Echo-ClientId:
      - eed-edsc-dev
  recorded_at: Sun, 10 Jul 2016 19:40:10 GMT
  digest: 1a48be8a019af20375d1acec3a980b00d0b58e4d
- request:
    method: get
    uri: https://cmr.sit.earthdata.nasa.gov/search/collections.json?page_size=20&page_num=1&include_tags=edsc.%2A%2Corg.ceos.wgiss.cwic.granules.prod&sort_key%5B%5D=has_granules&sort_key%5B%5D=score&keyword=C24936-LAADS%2A&include_has_granules=true&include_granule_counts=true
    body:
      encoding: US-ASCII
      string: ''
    headers:
      User-Agent:
      - Faraday v0.8.8
      Client-Id:
      - eed-edsc-dev
      Echo-ClientId:
      - eed-edsc-dev
  recorded_at: Sun, 10 Jul 2016 19:50:45 GMT
  digest: dd65770637606c0e73fb249fe49da799a1e7e5cf
- request:
    method: get
    uri: https://cmr.sit.earthdata.nasa.gov/search/collections.json?point=0%2C0&page_size=20&page_num=1&include_tags=edsc.%2A%2Corg.ceos.wgiss.cwic.granules.prod&sort_key%5B%5D=has_granules&sort_key%5B%5D=score&echo_collection_id%5B%5D=C1229626387-LANCEMODIS&echo_collection_id%5B%5D=C1219032686-LANCEMODIS&keyword=C1200019403-MMT_2%2A&include_has_granules=true&include_granule_counts=true
    body:
      encoding: US-ASCII
      string: ''
    headers:
      User-Agent:
      - Faraday v0.8.8
      Client-Id:
      - eed-edsc-dev
      Echo-ClientId:
      - eed-edsc-dev
  recorded_at: Sun, 10 Jul 2016 19:40:17 GMT
  digest: c25e63ce64b4a92c659ebb5f219e4a970f3eee55
- request:
    method: get
    uri: https://cmr.sit.earthdata.nasa.gov/search/collections.json?point=0%2C0&page_size=20&page_num=1&include_tags=edsc.%2A%2Corg.ceos.wgiss.cwic.granules.prod&sort_key%5B%5D=has_granules&sort_key%5B%5D=score&keyword=C1200019403-MMT_2%2A&include_has_granules=true&include_granule_counts=true
    body:
      encoding: US-ASCII
      string: ''
    headers:
      User-Agent:
      - Faraday v0.8.8
      Client-Id:
      - eed-edsc-dev
      Echo-ClientId:
      - eed-edsc-dev
  recorded_at: Sun, 10 Jul 2016 19:40:16 GMT
  digest: dfd5ff6897d15a9dc846ca84dc801d04c5ab6561
- request:
    method: get
    uri: https://cmr.sit.earthdata.nasa.gov/search/collections.json?temporal=1985-12-01T00%3A00%3A00.000Z%2C&page_size=20&page_num=1&include_tags=edsc.%2A%2Corg.ceos.wgiss.cwic.granules.prod&sort_key%5B%5D=has_granules&sort_key%5B%5D=entry_title&echo_collection_id%5B%5D=C1229626387-LANCEMODIS&echo_collection_id%5B%5D=C1219032686-LANCEMODIS&include_has_granules=true&include_granule_counts=true
    body:
      encoding: US-ASCII
      string: ''
    headers:
      User-Agent:
      - Faraday v0.8.8
      Client-Id:
      - eed-edsc-dev
      Echo-ClientId:
      - eed-edsc-dev
  recorded_at: Sun, 10 Jul 2016 19:50:37 GMT
  digest: d9d6f0d00637d3cb6aa0db657d3056c1b3903ca1
- request:
    method: get
    uri: https://cmr.sit.earthdata.nasa.gov/search/collections.json?temporal=1985-12-01T00%3A00%3A00.000Z%2C&page_size=20&page_num=1&include_tags=edsc.%2A%2Corg.ceos.wgiss.cwic.granules.prod&sort_key%5B%5D=has_granules&sort_key%5B%5D=entry_title&include_has_granules=true&include_granule_counts=true
    body:
      encoding: US-ASCII
      string: ''
    headers:
      User-Agent:
      - Faraday v0.8.8
      Client-Id:
      - eed-edsc-dev
      Echo-ClientId:
      - eed-edsc-dev
  recorded_at: Sun, 10 Jul 2016 19:50:36 GMT
  digest: ea59b607b6e535d5999dfb9dcec5f587c346df27
- request:
    method: get
    uri: https://cmr.sit.earthdata.nasa.gov/search/collections.json?temporal=1985-12-01T00%3A00%3A00.000Z%2C&page_size=20&page_num=1&include_tags=edsc.%2A%2Corg.ceos.wgiss.cwic.granules.prod&sort_key%5B%5D=has_granules&sort_key%5B%5D=score&echo_collection_id%5B%5D=C1229626387-LANCEMODIS&echo_collection_id%5B%5D=C1219032686-LANCEMODIS&keyword=C1000000257-DEV07%2A&include_has_granules=true&include_granule_counts=true
    body:
      encoding: US-ASCII
      string: ''
    headers:
      User-Agent:
      - Faraday v0.8.8
      Client-Id:
      - eed-edsc-dev
      Echo-ClientId:
      - eed-edsc-dev
  recorded_at: Sun, 10 Jul 2016 19:50:38 GMT
  digest: c86afe63b59e42da37ef46569cfff59b7cb3e938
- request:
    method: get
    uri: https://cmr.sit.earthdata.nasa.gov/search/collections.json?temporal=1985-12-01T00%3A00%3A00.000Z%2C&page_size=20&page_num=1&include_tags=edsc.%2A%2Corg.ceos.wgiss.cwic.granules.prod&sort_key%5B%5D=has_granules&sort_key%5B%5D=score&keyword=C1000000257-DEV07%2A&include_has_granules=true&include_granule_counts=true
    body:
      encoding: US-ASCII
      string: ''
    headers:
      User-Agent:
      - Faraday v0.8.8
      Client-Id:
      - eed-edsc-dev
      Echo-ClientId:
      - eed-edsc-dev
  recorded_at: Sun, 10 Jul 2016 19:50:37 GMT
  digest: 520aec8ea6b433bae056cdd31d14f866552d6805
- request:
    method: get
    uri: https://cmr.sit.earthdata.nasa.gov/search/collections.json?temporal=2014-12-01T00%3A00%3A00.000Z%2C&page_size=20&page_num=1&include_tags=edsc.%2A%2Corg.ceos.wgiss.cwic.granules.prod&sort_key%5B%5D=has_granules&sort_key%5B%5D=score&echo_collection_id%5B%5D=C1229626387-LANCEMODIS&echo_collection_id%5B%5D=C1219032686-LANCEMODIS&keyword=C1002-LPDAAC_TBD%2A&include_has_granules=true&include_granule_counts=true
    body:
      encoding: US-ASCII
      string: ''
    headers:
      User-Agent:
      - Faraday v0.8.8
      Client-Id:
      - eed-edsc-dev
      Echo-ClientId:
      - eed-edsc-dev
  recorded_at: Sun, 10 Jul 2016 20:12:19 GMT
  digest: 85bdd72687f9d461c3e7cc7637389bcdb2eec7b9
- request:
    method: get
    uri: https://cmr.sit.earthdata.nasa.gov/search/collections.json?temporal=2014-12-01T00%3A00%3A00.000Z%2C&page_size=20&page_num=1&include_tags=edsc.%2A%2Corg.ceos.wgiss.cwic.granules.prod&sort_key%5B%5D=has_granules&sort_key%5B%5D=score&keyword=C1002-LPDAAC_TBD%2A&include_has_granules=true&include_granule_counts=true
    body:
      encoding: US-ASCII
      string: ''
    headers:
      User-Agent:
      - Faraday v0.8.8
      Client-Id:
      - eed-edsc-dev
      Echo-ClientId:
      - eed-edsc-dev
  recorded_at: Sun, 10 Jul 2016 20:12:18 GMT
  digest: 11a8febdc4577597a76213eafca7e4bf7c7b6ba3
- request:
    method: get
    uri: https://cmr.uat.earthdata.nasa.gov/search/collections.json?echo_collection_id%5B%5D=C1204424196-GCMDTEST&page_num=1&include_tags=edsc.%2A%2Corg.ceos.wgiss.cwic.granules.prod&sort_key%5B%5D=has_granules&sort_key%5B%5D=entry_title&include_has_granules=true&include_granule_counts=true
    body:
      encoding: US-ASCII
      string: ''
    headers:
      User-Agent:
      - Faraday v0.8.8
      Client-Id:
      - eed-edsc-dev
      Echo-ClientId:
      - eed-edsc-dev
  recorded_at: Sun, 10 Jul 2016 19:52:45 GMT
  digest: feb5be950912ec7fec63303a48decc06c7e28b33
- request:
    method: get
    uri: https://cmr.uat.earthdata.nasa.gov/search/collections.json?echo_collection_id%5B%5D=C1204461918-GCMDTEST&page_num=1&include_tags=edsc.%2A%2Corg.ceos.wgiss.cwic.granules.prod&sort_key%5B%5D=has_granules&sort_key%5B%5D=entry_title&include_has_granules=true&include_granule_counts=true
    body:
      encoding: US-ASCII
      string: ''
    headers:
      User-Agent:
      - Faraday v0.8.8
      Client-Id:
      - eed-edsc-dev
      Echo-ClientId:
      - eed-edsc-dev
  recorded_at: Mon, 11 Jul 2016 18:55:04 GMT
  digest: 9f359f4393fb937e4d0ee2030d896840e3db4a8c
- request:
    method: get
    uri: https://cmr.uat.earthdata.nasa.gov/search/collections.json?echo_collection_id%5B%5D=C1204482909-GCMDTEST&page_num=1&include_tags=edsc.%2A%2Corg.ceos.wgiss.cwic.granules.prod&sort_key%5B%5D=has_granules&sort_key%5B%5D=entry_title&include_has_granules=true&include_granule_counts=true
    body:
      encoding: US-ASCII
      string: ''
    headers:
      User-Agent:
      - Faraday v0.8.8
      Client-Id:
      - eed-edsc-dev
      Echo-ClientId:
      - eed-edsc-dev
  recorded_at: Sun, 10 Jul 2016 19:52:36 GMT
  digest: d93eed7f2b0bd824fcce876b5bae5b5f6b3a4091
- request:
    method: get
    uri: https://cmr.uat.earthdata.nasa.gov/search/collections.json?page_size=20&page_num=1&include_tags=edsc.%2A%2Corg.ceos.wgiss.cwic.granules.prod&sort_key%5B%5D=has_granules&sort_key%5B%5D=entry_title&echo_collection_id%5B%5D=C1229626387-LANCEMODIS&echo_collection_id%5B%5D=C1219032686-LANCEMODIS&include_has_granules=true&include_granule_counts=true
    body:
      encoding: US-ASCII
      string: ''
    headers:
      User-Agent:
      - Faraday v0.8.8
      Client-Id:
      - eed-edsc-dev
      Echo-ClientId:
      - eed-edsc-dev
  recorded_at: Sun, 10 Jul 2016 19:52:37 GMT
  digest: b3fb3a39f124078520905955c1149acc374b8d13
- request:
    method: get
    uri: https://cmr.uat.earthdata.nasa.gov/search/collections.json?page_size=20&page_num=1&include_tags=edsc.%2A%2Corg.ceos.wgiss.cwic.granules.prod&sort_key%5B%5D=has_granules&sort_key%5B%5D=entry_title&include_has_granules=true&include_granule_counts=true
    body:
      encoding: US-ASCII
      string: ''
    headers:
      User-Agent:
      - Faraday v0.8.8
      Client-Id:
      - eed-edsc-dev
      Echo-ClientId:
      - eed-edsc-dev
  recorded_at: Sun, 10 Jul 2016 19:52:37 GMT
  digest: 4687a0adca8277c2b18532470e3338884930ac17
- request:
    method: get
    uri: https://cmr.uat.earthdata.nasa.gov/search/collections.json?page_size=20&page_num=1&include_tags=edsc.%2A%2Corg.ceos.wgiss.cwic.granules.prod&sort_key%5B%5D=has_granules&sort_key%5B%5D=score&echo_collection_id%5B%5D=C1229626387-LANCEMODIS&echo_collection_id%5B%5D=C1219032686-LANCEMODIS&keyword=C1204461918-GCMDTEST%2A&include_has_granules=true&include_granule_counts=true
    body:
      encoding: US-ASCII
      string: ''
    headers:
      User-Agent:
      - Faraday v0.8.8
      Client-Id:
      - eed-edsc-dev
      Echo-ClientId:
      - eed-edsc-dev
  recorded_at: Mon, 11 Jul 2016 18:55:00 GMT
  digest: a313e42a27b8057e0115c0dbc4e79429d10c4b00
- request:
    method: get
    uri: https://cmr.uat.earthdata.nasa.gov/search/collections.json?page_size=20&page_num=1&include_tags=edsc.%2A%2Corg.ceos.wgiss.cwic.granules.prod&sort_key%5B%5D=has_granules&sort_key%5B%5D=score&echo_collection_id%5B%5D=C1229626387-LANCEMODIS&echo_collection_id%5B%5D=C1219032686-LANCEMODIS&keyword=C446457-ORNL_DAAC%2A&include_has_granules=true&include_granule_counts=true
    body:
      encoding: US-ASCII
      string: ''
    headers:
      User-Agent:
      - Faraday v0.8.8
      Client-Id:
      - eed-edsc-dev
      Echo-ClientId:
      - eed-edsc-dev
  recorded_at: Sun, 10 Jul 2016 02:37:44 GMT
  digest: 01293211b05199adbf7c67b2bed4826c4645a9fb
- request:
    method: get
    uri: https://cmr.uat.earthdata.nasa.gov/search/collections.json?page_size=20&page_num=1&include_tags=edsc.%2A%2Corg.ceos.wgiss.cwic.granules.prod&sort_key%5B%5D=has_granules&sort_key%5B%5D=score&keyword=C1204461918-GCMDTEST%2A&include_has_granules=true&include_granule_counts=true
    body:
      encoding: US-ASCII
      string: ''
    headers:
      User-Agent:
      - Faraday v0.8.8
      Client-Id:
      - eed-edsc-dev
      Echo-ClientId:
      - eed-edsc-dev
  recorded_at: Mon, 11 Jul 2016 18:54:59 GMT
  digest: 53556c8d597c8ab95d5f2e6c6023a74e77d49db2
- request:
    method: get
    uri: https://cmr.uat.earthdata.nasa.gov/search/collections.json?page_size=20&page_num=1&include_tags=edsc.%2A%2Corg.ceos.wgiss.cwic.granules.prod&sort_key%5B%5D=has_granules&sort_key%5B%5D=score&keyword=C446457-ORNL_DAAC%2A&include_has_granules=true&include_granule_counts=true
    body:
      encoding: US-ASCII
      string: ''
    headers:
      User-Agent:
      - Faraday v0.8.8
      Client-Id:
      - eed-edsc-dev
      Echo-ClientId:
      - eed-edsc-dev
  recorded_at: Sun, 10 Jul 2016 02:37:43 GMT
  digest: a1e0382982fa88f3347c9c9dc7d0a3f85611b54c
recorded_with: VCR 2.6.0
