---
http_interactions:
- request:
    method: get
    uri: https://cmr.earthdata.nasa.gov/search/collections.json?echo_collection_id%5B%5D=C1029-NSIDCV0&page_num=1&include_tags=edsc.%2A&include_has_granules=true&include_granule_counts=true
    body:
      encoding: US-ASCII
      string: ''
    headers:
      User-Agent:
      - Faraday v0.8.8
      Client-Id:
      - edsc-dev
      Echo-ClientId:
      - edsc-dev
  recorded_at: Sun, 27 Mar 2016 02:26:55 GMT
  digest: 477281d8a38889cf232523a4ff630fa2290e852b
- request:
    method: get
    uri: https://cmr.earthdata.nasa.gov/search/collections.json?echo_collection_id%5B%5D=C1214560151-JAXA&page_num=1&include_tags=edsc.%2A&include_has_granules=true&include_granule_counts=true
    body:
      encoding: US-ASCII
      string: ''
    headers:
      User-Agent:
      - Faraday v0.8.8
      Client-Id:
      - edsc-dev
      Echo-ClientId:
      - edsc-dev
  recorded_at: Sun, 27 Mar 2016 02:26:05 GMT
  digest: 06bc2fd3affb09e3ba0abac76153a7adfd93b798
- request:
    method: get
    uri: https://cmr.earthdata.nasa.gov/search/collections.json?echo_collection_id%5B%5D=C128599377-NSIDC_ECS&page_num=1&include_tags=edsc.%2A&include_has_granules=true&include_granule_counts=true
    body:
      encoding: US-ASCII
      string: ''
    headers:
      User-Agent:
      - Faraday v0.8.8
      Client-Id:
      - edsc-dev
      Echo-ClientId:
      - edsc-dev
  recorded_at: Sun, 27 Mar 2016 02:23:39 GMT
  digest: 02a56d16ee8a2436be9365fba60f66b4aa982744
- request:
    method: get
    uri: https://cmr.earthdata.nasa.gov/search/collections.json?echo_collection_id%5B%5D=C179001887-SEDAC&echo_collection_id%5B%5D=C1000000220-SEDAC&echo_collection_id%5B%5D=C179001967-SEDAC&echo_collection_id%5B%5D=C179001889-SEDAC&echo_collection_id%5B%5D=C179001707-SEDAC&echo_collection_id%5B%5D=C179002107-SEDAC&echo_collection_id%5B%5D=C179002147-SEDAC&echo_collection_id%5B%5D=C1000000000-SEDAC&page_num=1&include_tags=edsc.%2A&include_has_granules=true&include_granule_counts=true
    body:
      encoding: US-ASCII
      string: ''
    headers:
      User-Agent:
      - Faraday v0.8.8
      Client-Id:
      - edsc-dev
      Echo-ClientId:
      - edsc-dev
  recorded_at: Sun, 27 Mar 2016 02:17:17 GMT
  digest: af296a4e7b8b65346f0c4b84d8dce1e64978c709
- request:
    method: get
    uri: https://cmr.earthdata.nasa.gov/search/collections.json?echo_collection_id%5B%5D=C179003030-ORNL_DAAC&echo_collection_id%5B%5D=C1214558039-NOAA_NCEI&page_num=1&include_tags=edsc.%2A&include_has_granules=true&include_granule_counts=true
    body:
      encoding: US-ASCII
      string: ''
    headers:
      User-Agent:
      - Faraday v0.8.8
      Client-Id:
      - edsc-dev
      Echo-ClientId:
      - edsc-dev
  recorded_at: Sun, 27 Mar 2016 02:17:13 GMT
  digest: 103188496ddbe664bb1f8989ede4ff8143ac2c2e
- request:
    method: get
    uri: https://cmr.earthdata.nasa.gov/search/collections.json?echo_collection_id%5B%5D=C179014698-NSIDC_ECS&include_has_granules=true&include_granule_counts=true
    body:
      encoding: US-ASCII
      string: ''
    headers:
      User-Agent:
      - Faraday v0.8.8
      Client-Id:
      - edsc-dev
      Echo-ClientId:
      - edsc-dev
  recorded_at: Sun, 27 Mar 2016 02:23:37 GMT
  digest: ce52abe3067c508cb0b6569a3615790d556ed081
- request:
    method: get
    uri: https://cmr.earthdata.nasa.gov/search/collections.json?echo_collection_id%5B%5D=C179014698-NSIDC_ECS&page_num=1&include_tags=edsc.%2A&include_has_granules=true&include_granule_counts=true
    body:
      encoding: US-ASCII
      string: ''
    headers:
      User-Agent:
      - Faraday v0.8.8
      Client-Id:
      - edsc-dev
      Echo-ClientId:
      - edsc-dev
  recorded_at: Sun, 27 Mar 2016 02:23:23 GMT
  digest: ae9ba37adc697bdd2d48d5a2bdf8f4c40aa98ec4
- request:
    method: get
    uri: https://cmr.earthdata.nasa.gov/search/collections.json?echo_collection_id%5B%5D=C197265171-LPDAAC_ECS&page_num=1&include_tags=edsc.%2A&include_has_granules=true&include_granule_counts=true
    body:
      encoding: US-ASCII
      string: ''
    headers:
      User-Agent:
      - Faraday v0.8.8
      Client-Id:
      - edsc-dev
      Echo-ClientId:
      - edsc-dev
  recorded_at: Sun, 27 Mar 2016 02:36:37 GMT
  digest: 39586e01919501514f533c0d05aa5ee08497b1f8
- request:
    method: get
    uri: https://cmr.earthdata.nasa.gov/search/collections.json?echo_collection_id%5B%5D=C90757595-LAADS&page_num=1&include_tags=edsc.%2A&include_has_granules=true&include_granule_counts=true
    body:
      encoding: US-ASCII
      string: ''
    headers:
      User-Agent:
      - Faraday v0.8.8
      Client-Id:
      - edsc-dev
      Echo-ClientId:
      - edsc-dev
  recorded_at: Sun, 27 Mar 2016 02:07:30 GMT
  digest: bb9732055f6252effa0ed87d4e79bb5c413f461f
- request:
    method: get
    uri: https://cmr.earthdata.nasa.gov/search/collections.json?echo_collection_id%5B%5D=C90762182-LAADS&page_num=1&include_tags=edsc.%2A&include_has_granules=true&include_granule_counts=true
    body:
      encoding: US-ASCII
      string: ''
    headers:
      User-Agent:
      - Faraday v0.8.8
      Client-Id:
      - edsc-dev
      Echo-ClientId:
      - edsc-dev
      Echo-Token:
      - edsc
  recorded_at: Sun, 27 Mar 2016 02:12:23 GMT
  digest: a08435af2b49fc42a5c7949c7270f1b7b46da49b
- request:
    method: get
    uri: https://cmr.earthdata.nasa.gov/search/collections.json?include_facets=true&bounding_box=0%2C0%2C15%2C15&page_size=20&page_num=1&hierarchical_facets=true&include_tags=edsc.%2A&exclude%5Btag_key%5D=edsc.datasource.cwic&echo_collection_id%5B%5D=C1000000016-LANCEMODIS&echo_collection_id%5B%5D=C1000000019-LANCEMODIS&include_has_granules=true&include_granule_counts=true
    body:
      encoding: US-ASCII
      string: ''
    headers:
      User-Agent:
      - Faraday v0.8.8
      Client-Id:
      - edsc-dev
      Echo-ClientId:
      - edsc-dev
  recorded_at: Sun, 27 Mar 2016 02:10:11 GMT
  digest: 4ca54b71eaa4031482a61028b22a1f702b6bf1f9
- request:
    method: get
    uri: https://cmr.earthdata.nasa.gov/search/collections.json?include_facets=true&bounding_box=0%2C0%2C15%2C15&page_size=20&page_num=1&hierarchical_facets=true&include_tags=edsc.%2A&exclude%5Btag_key%5D=edsc.datasource.cwic&include_has_granules=true&include_granule_counts=true
    body:
      encoding: US-ASCII
      string: ''
    headers:
      User-Agent:
      - Faraday v0.8.8
      Client-Id:
      - edsc-dev
      Echo-ClientId:
      - edsc-dev
  recorded_at: Sun, 27 Mar 2016 02:07:42 GMT
  digest: 5d6780d169bbe5ad0334ce85e291d4cb8b959eb3
- request:
    method: get
    uri: https://cmr.earthdata.nasa.gov/search/collections.json?include_facets=true&bounding_box=0%2C0%2C15%2C15&page_size=20&page_num=1&include_tags=edsc.%2A&exclude%5Btag_key%5D=edsc.datasource.cwic&include_has_granules=true&include_granule_counts=true
    body:
      encoding: US-ASCII
      string: ''
    headers:
      User-Agent:
      - Faraday v0.8.8
      Client-Id:
      - edsc-dev
      Echo-ClientId:
      - edsc-dev
  recorded_at: Sun, 27 Mar 2016 02:07:54 GMT
  digest: 05100acd3439cb1281e0ec74e56fdeb14caadced
- request:
    method: get
    uri: https://cmr.earthdata.nasa.gov/search/collections.json?include_facets=true&page_size=20&page_num=1&hierarchical_facets=true&include_tags=edsc.%2A&exclude%5Btag_key%5D=edsc.datasource.cwic&echo_collection_id%5B%5D=C1000000016-LANCEMODIS&echo_collection_id%5B%5D=C1000000019-LANCEMODIS&include_has_granules=true&include_granule_counts=true
    body:
      encoding: US-ASCII
      string: ''
    headers:
      User-Agent:
      - Faraday v0.8.8
      Client-Id:
      - edsc-dev
      Echo-ClientId:
      - edsc-dev
  recorded_at: Sun, 27 Mar 2016 01:49:39 GMT
  digest: f63923a6c40a53a9c621249a8dae40c6cc7050cb
- request:
    method: get
    uri: https://cmr.earthdata.nasa.gov/search/collections.json?include_facets=true&page_size=20&page_num=1&hierarchical_facets=true&include_tags=edsc.%2A&exclude%5Btag_key%5D=edsc.datasource.cwic&echo_collection_id%5B%5D=C1000000016-LANCEMODIS&echo_collection_id%5B%5D=C1000000019-LANCEMODIS&keyword=AQUARIUS_SAC-D%2A+as%2A&include_has_granules=true&include_granule_counts=true
    body:
      encoding: US-ASCII
      string: ''
    headers:
      User-Agent:
      - Faraday v0.8.8
      Client-Id:
      - edsc-dev
      Echo-ClientId:
      - edsc-dev
  recorded_at: Sun, 27 Mar 2016 02:14:26 GMT
  digest: 3731fa70d10ec7780f3177ab505303af73b3aeac
- request:
    method: get
    uri: https://cmr.earthdata.nasa.gov/search/collections.json?include_facets=true&page_size=20&page_num=1&hierarchical_facets=true&include_tags=edsc.%2A&exclude%5Btag_key%5D=edsc.datasource.cwic&echo_collection_id%5B%5D=C1000000016-LANCEMODIS&echo_collection_id%5B%5D=C1000000019-LANCEMODIS&keyword=AST_L1AE%2A&include_has_granules=true&include_granule_counts=true
    body:
      encoding: US-ASCII
      string: ''
    headers:
      User-Agent:
      - Faraday v0.8.8
      Client-Id:
      - edsc-dev
      Echo-ClientId:
      - edsc-dev
  recorded_at: Sun, 27 Mar 2016 02:26:02 GMT
  digest: 3e812d567812dea00f2c231d47ffe3bf137a0eb0
- request:
    method: get
    uri: https://cmr.earthdata.nasa.gov/search/collections.json?include_facets=true&page_size=20&page_num=1&hierarchical_facets=true&include_tags=edsc.%2A&exclude%5Btag_key%5D=edsc.datasource.cwic&echo_collection_id%5B%5D=C1000000016-LANCEMODIS&echo_collection_id%5B%5D=C1000000019-LANCEMODIS&keyword=Aqua_AMSR-E_L3_TB_23.8GHz-H%2A&include_has_granules=true&include_granule_counts=true
    body:
      encoding: US-ASCII
      string: ''
    headers:
      User-Agent:
      - Faraday v0.8.8
      Client-Id:
      - edsc-dev
      Echo-ClientId:
      - edsc-dev
  recorded_at: Sun, 27 Mar 2016 02:27:31 GMT
  digest: 139e851f40efa733eb0ce394cdc68aae4e956675
- request:
    method: get
    uri: https://cmr.earthdata.nasa.gov/search/collections.json?include_facets=true&page_size=20&page_num=1&hierarchical_facets=true&include_tags=edsc.%2A&exclude%5Btag_key%5D=edsc.datasource.cwic&echo_collection_id%5B%5D=C1000000016-LANCEMODIS&echo_collection_id%5B%5D=C1000000019-LANCEMODIS&keyword=C1000000019-LANCEMODIS%2A&include_has_granules=true&include_granule_counts=true
    body:
      encoding: US-ASCII
      string: ''
    headers:
      User-Agent:
      - Faraday v0.8.8
      Client-Id:
      - edsc-dev
      Echo-ClientId:
      - edsc-dev
  recorded_at: Sun, 27 Mar 2016 01:49:41 GMT
  digest: c0fb1707b74f8c4a9658f91f054ac6d8d53c0dbe
- request:
    method: get
    uri: https://cmr.earthdata.nasa.gov/search/collections.json?include_facets=true&page_size=20&page_num=1&hierarchical_facets=true&include_tags=edsc.%2A&exclude%5Btag_key%5D=edsc.datasource.cwic&echo_collection_id%5B%5D=C1000000016-LANCEMODIS&echo_collection_id%5B%5D=C1000000019-LANCEMODIS&keyword=C119124186-NSIDC_ECS%2A&include_has_granules=true&include_granule_counts=true
    body:
      encoding: US-ASCII
      string: ''
    headers:
      User-Agent:
      - Faraday v0.8.8
      Client-Id:
      - edsc-dev
      Echo-ClientId:
      - edsc-dev
  recorded_at: Sun, 27 Mar 2016 01:52:51 GMT
  digest: c2108e23d46025efdc5e20c37ab0295adb3e2488
- request:
    method: get
    uri: https://cmr.earthdata.nasa.gov/search/collections.json?include_facets=true&page_size=20&page_num=1&hierarchical_facets=true&include_tags=edsc.%2A&exclude%5Btag_key%5D=edsc.datasource.cwic&echo_collection_id%5B%5D=C1000000016-LANCEMODIS&echo_collection_id%5B%5D=C1000000019-LANCEMODIS&keyword=C1214605943-SCIOPS%2A&include_has_granules=true&include_granule_counts=true
    body:
      encoding: US-ASCII
      string: ''
    headers:
      User-Agent:
      - Faraday v0.8.8
      Client-Id:
      - edsc-dev
      Echo-ClientId:
      - edsc-dev
  recorded_at: Sun, 27 Mar 2016 02:14:50 GMT
  digest: 2e4d5088ecc1553709cd26c6c26b1cb337bde662
- request:
    method: get
    uri: https://cmr.earthdata.nasa.gov/search/collections.json?include_facets=true&page_size=20&page_num=1&hierarchical_facets=true&include_tags=edsc.%2A&exclude%5Btag_key%5D=edsc.datasource.cwic&echo_collection_id%5B%5D=C1000000016-LANCEMODIS&echo_collection_id%5B%5D=C1000000019-LANCEMODIS&keyword=C1220111370-NSIDCV0%2A&include_has_granules=true&include_granule_counts=true
    body:
      encoding: US-ASCII
      string: ''
    headers:
      User-Agent:
      - Faraday v0.8.8
      Client-Id:
      - edsc-dev
      Echo-ClientId:
      - edsc-dev
  recorded_at: Sun, 27 Mar 2016 02:36:31 GMT
  digest: c23ba4f4f2d048b881e1fb0d1609ac928accfc8c
- request:
    method: get
    uri: https://cmr.earthdata.nasa.gov/search/collections.json?include_facets=true&page_size=20&page_num=1&hierarchical_facets=true&include_tags=edsc.%2A&exclude%5Btag_key%5D=edsc.datasource.cwic&echo_collection_id%5B%5D=C1000000016-LANCEMODIS&echo_collection_id%5B%5D=C1000000019-LANCEMODIS&keyword=C138500-PODAAC%2A&include_has_granules=true&include_granule_counts=true
    body:
      encoding: US-ASCII
      string: ''
    headers:
      User-Agent:
      - Faraday v0.8.8
      Client-Id:
      - edsc-dev
      Echo-ClientId:
      - edsc-dev
  recorded_at: Sun, 27 Mar 2016 02:14:24 GMT
  digest: eaea876d6e8de894c0e0f16b8de27654ac060353
- request:
    method: get
    uri: https://cmr.earthdata.nasa.gov/search/collections.json?include_facets=true&page_size=20&page_num=1&hierarchical_facets=true&include_tags=edsc.%2A&exclude%5Btag_key%5D=edsc.datasource.cwic&echo_collection_id%5B%5D=C1000000016-LANCEMODIS&echo_collection_id%5B%5D=C1000000019-LANCEMODIS&keyword=C179002945-ORNL_DAAC%2A&include_has_granules=true&include_granule_counts=true
    body:
      encoding: US-ASCII
      string: ''
    headers:
      User-Agent:
      - Faraday v0.8.8
      Client-Id:
      - edsc-dev
      Echo-ClientId:
      - edsc-dev
  recorded_at: Sun, 27 Mar 2016 02:26:39 GMT
  digest: 962144add4325695b0af1da950f2f29116654e3f
- request:
    method: get
    uri: https://cmr.earthdata.nasa.gov/search/collections.json?include_facets=true&page_size=20&page_num=1&hierarchical_facets=true&include_tags=edsc.%2A&exclude%5Btag_key%5D=edsc.datasource.cwic&echo_collection_id%5B%5D=C1000000016-LANCEMODIS&echo_collection_id%5B%5D=C1000000019-LANCEMODIS&keyword=C179003030-ORNL_DAAC%2A&include_has_granules=true&include_granule_counts=true
    body:
      encoding: US-ASCII
      string: ''
    headers:
      User-Agent:
      - Faraday v0.8.8
      Client-Id:
      - edsc-dev
      Echo-ClientId:
      - edsc-dev
  recorded_at: Sun, 27 Mar 2016 02:14:42 GMT
  digest: c1d704e21417389d2be7019eced3cbd76c5b51a6
- request:
    method: get
    uri: https://cmr.earthdata.nasa.gov/search/collections.json?include_facets=true&page_size=20&page_num=1&hierarchical_facets=true&include_tags=edsc.%2A&exclude%5Btag_key%5D=edsc.datasource.cwic&echo_collection_id%5B%5D=C1000000016-LANCEMODIS&echo_collection_id%5B%5D=C1000000019-LANCEMODIS&keyword=C181553784-GSFCS4PA%2A&include_has_granules=true&include_granule_counts=true
    body:
      encoding: US-ASCII
      string: ''
    headers:
      User-Agent:
      - Faraday v0.8.8
      Client-Id:
      - edsc-dev
      Echo-ClientId:
      - edsc-dev
  recorded_at: Sun, 27 Mar 2016 02:14:44 GMT
  digest: 744a29b79c7a4d0701ab6c0b1d90fb6250407a49
- request:
    method: get
    uri: https://cmr.earthdata.nasa.gov/search/collections.json?include_facets=true&page_size=20&page_num=1&hierarchical_facets=true&include_tags=edsc.%2A&exclude%5Btag_key%5D=edsc.datasource.cwic&echo_collection_id%5B%5D=C1000000016-LANCEMODIS&echo_collection_id%5B%5D=C1000000019-LANCEMODIS&keyword=C187016591-LPDAAC_ECS%2A&include_has_granules=true&include_granule_counts=true
    body:
      encoding: US-ASCII
      string: ''
    headers:
      User-Agent:
      - Faraday v0.8.8
      Client-Id:
      - edsc-dev
      Echo-ClientId:
      - edsc-dev
  recorded_at: Sun, 27 Mar 2016 02:21:51 GMT
  digest: 1679c32f00fe1b737640e7467f5f4d23993c6380
- request:
    method: get
    uri: https://cmr.earthdata.nasa.gov/search/collections.json?include_facets=true&page_size=20&page_num=1&hierarchical_facets=true&include_tags=edsc.%2A&exclude%5Btag_key%5D=edsc.datasource.cwic&echo_collection_id%5B%5D=C1000000016-LANCEMODIS&echo_collection_id%5B%5D=C1000000019-LANCEMODIS&keyword=C189202233-LPDAAC_ECS%2A&include_has_granules=true&include_granule_counts=true
    body:
      encoding: US-ASCII
      string: ''
    headers:
      User-Agent:
      - Faraday v0.8.8
      Client-Id:
      - edsc-dev
      Echo-ClientId:
      - edsc-dev
      Echo-Token:
      - edsc
  recorded_at: Sun, 27 Mar 2016 02:26:43 GMT
  digest: 9443f9943abaf1c1766c95e22a75f41c0d3a91b8
- request:
    method: get
    uri: https://cmr.earthdata.nasa.gov/search/collections.json?include_facets=true&page_size=20&page_num=1&hierarchical_facets=true&include_tags=edsc.%2A&exclude%5Btag_key%5D=edsc.datasource.cwic&echo_collection_id%5B%5D=C1000000016-LANCEMODIS&echo_collection_id%5B%5D=C1000000019-LANCEMODIS&keyword=C197265171-LPDAAC_ECS%2A&include_has_granules=true&include_granule_counts=true
    body:
      encoding: US-ASCII
      string: ''
    headers:
      User-Agent:
      - Faraday v0.8.8
      Client-Id:
      - edsc-dev
      Echo-ClientId:
      - edsc-dev
      Echo-Token:
      - edsc
  recorded_at: Sun, 27 Mar 2016 02:36:46 GMT
  digest: 822ff20b806d0c9cb26f8239ec12348368e6c547
- request:
    method: get
    uri: https://cmr.earthdata.nasa.gov/search/collections.json?include_facets=true&page_size=20&page_num=1&hierarchical_facets=true&include_tags=edsc.%2A&exclude%5Btag_key%5D=edsc.datasource.cwic&echo_collection_id%5B%5D=C1000000016-LANCEMODIS&echo_collection_id%5B%5D=C1000000019-LANCEMODIS&keyword=C32000-PODAAC%2A&include_has_granules=true&include_granule_counts=true
    body:
      encoding: US-ASCII
      string: ''
    headers:
      User-Agent:
      - Faraday v0.8.8
      Client-Id:
      - edsc-dev
      Echo-ClientId:
      - edsc-dev
  recorded_at: Sun, 27 Mar 2016 02:14:39 GMT
  digest: 1670650d4b9cd67a1e0a322fd62faa4013d946ce
- request:
    method: get
    uri: https://cmr.earthdata.nasa.gov/search/collections.json?include_facets=true&page_size=20&page_num=1&hierarchical_facets=true&include_tags=edsc.%2A&exclude%5Btag_key%5D=edsc.datasource.cwic&echo_collection_id%5B%5D=C1000000016-LANCEMODIS&echo_collection_id%5B%5D=C1000000019-LANCEMODIS&keyword=NSIDC-0022%2A&include_has_granules=true&include_granule_counts=true
    body:
      encoding: US-ASCII
      string: ''
    headers:
      User-Agent:
      - Faraday v0.8.8
      Client-Id:
      - edsc-dev
      Echo-ClientId:
      - edsc-dev
  recorded_at: Sun, 27 Mar 2016 02:26:28 GMT
  digest: 300e5e36b0b168e30ede6e22b8ef0196cb66096b
- request:
    method: get
    uri: https://cmr.earthdata.nasa.gov/search/collections.json?include_facets=true&page_size=20&page_num=1&hierarchical_facets=true&include_tags=edsc.%2A&exclude%5Btag_key%5D=edsc.datasource.cwic&include_has_granules=true&include_granule_counts=true
    body:
      encoding: US-ASCII
      string: ''
    headers:
      User-Agent:
      - Faraday v0.8.8
      Client-Id:
      - edsc-dev
      Echo-ClientId:
      - edsc-dev
  recorded_at: Sun, 27 Mar 2016 01:49:37 GMT
  digest: d573efc78b1e0a7dad10bff14eda93fdc5450bf3
- request:
    method: get
    uri: https://cmr.earthdata.nasa.gov/search/collections.json?include_facets=true&page_size=20&page_num=1&hierarchical_facets=true&include_tags=edsc.%2A&exclude%5Btag_key%5D=edsc.datasource.cwic&keyword=AQUARIUS_SAC-D%2A+as%2A&include_has_granules=true&include_granule_counts=true
    body:
      encoding: US-ASCII
      string: ''
    headers:
      User-Agent:
      - Faraday v0.8.8
      Client-Id:
      - edsc-dev
      Echo-ClientId:
      - edsc-dev
  recorded_at: Sun, 27 Mar 2016 02:14:25 GMT
  digest: 25324c0756fa229450a6031679110d7d243e4b41
- request:
    method: get
    uri: https://cmr.earthdata.nasa.gov/search/collections.json?include_facets=true&page_size=20&page_num=1&hierarchical_facets=true&include_tags=edsc.%2A&exclude%5Btag_key%5D=edsc.datasource.cwic&keyword=AST_L1AE%2A&include_has_granules=true&include_granule_counts=true
    body:
      encoding: US-ASCII
      string: ''
    headers:
      User-Agent:
      - Faraday v0.8.8
      Client-Id:
      - edsc-dev
      Echo-ClientId:
      - edsc-dev
  recorded_at: Sun, 27 Mar 2016 02:25:59 GMT
  digest: 5ad8e6de2f89caaae8604ccb860c65bf906929f4
- request:
    method: get
    uri: https://cmr.earthdata.nasa.gov/search/collections.json?include_facets=true&page_size=20&page_num=1&hierarchical_facets=true&include_tags=edsc.%2A&exclude%5Btag_key%5D=edsc.datasource.cwic&keyword=Aqua_AMSR-E_L3_TB_23.8GHz-H%2A&include_has_granules=true&include_granule_counts=true
    body:
      encoding: US-ASCII
      string: ''
    headers:
      User-Agent:
      - Faraday v0.8.8
      Client-Id:
      - edsc-dev
      Echo-ClientId:
      - edsc-dev
  recorded_at: Sun, 27 Mar 2016 02:27:29 GMT
  digest: 7aa60556cc3fd67c218368e33eb7705a3d1b8f64
- request:
    method: get
    uri: https://cmr.earthdata.nasa.gov/search/collections.json?include_facets=true&page_size=20&page_num=1&hierarchical_facets=true&include_tags=edsc.%2A&exclude%5Btag_key%5D=edsc.datasource.cwic&keyword=C1000000019-LANCEMODIS%2A&include_has_granules=true&include_granule_counts=true
    body:
      encoding: US-ASCII
      string: ''
    headers:
      User-Agent:
      - Faraday v0.8.8
      Client-Id:
      - edsc-dev
      Echo-ClientId:
      - edsc-dev
  recorded_at: Sun, 27 Mar 2016 01:49:40 GMT
  digest: 557e4cce3ccd0f6c247a8dea38c963220c16a517
- request:
    method: get
    uri: https://cmr.earthdata.nasa.gov/search/collections.json?include_facets=true&page_size=20&page_num=1&hierarchical_facets=true&include_tags=edsc.%2A&exclude%5Btag_key%5D=edsc.datasource.cwic&keyword=C119124186-NSIDC_ECS%2A&include_has_granules=true&include_granule_counts=true
    body:
      encoding: US-ASCII
      string: ''
    headers:
      User-Agent:
      - Faraday v0.8.8
      Client-Id:
      - edsc-dev
      Echo-ClientId:
      - edsc-dev
  recorded_at: Sun, 27 Mar 2016 01:52:50 GMT
  digest: d54ac41cd607b06ce747df2b128fb2f515ecf23b
- request:
    method: get
    uri: https://cmr.earthdata.nasa.gov/search/collections.json?include_facets=true&page_size=20&page_num=1&hierarchical_facets=true&include_tags=edsc.%2A&exclude%5Btag_key%5D=edsc.datasource.cwic&keyword=C1214605943-SCIOPS%2A&include_has_granules=true&include_granule_counts=true
    body:
      encoding: US-ASCII
      string: ''
    headers:
      User-Agent:
      - Faraday v0.8.8
      Client-Id:
      - edsc-dev
      Echo-ClientId:
      - edsc-dev
  recorded_at: Sun, 27 Mar 2016 02:14:47 GMT
  digest: c9ab5128937f809c647563598212d91394eb3096
- request:
    method: get
    uri: https://cmr.earthdata.nasa.gov/search/collections.json?include_facets=true&page_size=20&page_num=1&hierarchical_facets=true&include_tags=edsc.%2A&exclude%5Btag_key%5D=edsc.datasource.cwic&keyword=C1220111370-NSIDCV0%2A&include_has_granules=true&include_granule_counts=true
    body:
      encoding: US-ASCII
      string: ''
    headers:
      User-Agent:
      - Faraday v0.8.8
      Client-Id:
      - edsc-dev
      Echo-ClientId:
      - edsc-dev
  recorded_at: Sun, 27 Mar 2016 02:36:29 GMT
  digest: fc2a794b4ce4fce77f2340d09af293cdb6750a36
- request:
    method: get
    uri: https://cmr.earthdata.nasa.gov/search/collections.json?include_facets=true&page_size=20&page_num=1&hierarchical_facets=true&include_tags=edsc.%2A&exclude%5Btag_key%5D=edsc.datasource.cwic&keyword=C138500-PODAAC%2A&include_has_granules=true&include_granule_counts=true
    body:
      encoding: US-ASCII
      string: ''
    headers:
      User-Agent:
      - Faraday v0.8.8
      Client-Id:
      - edsc-dev
      Echo-ClientId:
      - edsc-dev
  recorded_at: Sun, 27 Mar 2016 02:14:23 GMT
  digest: 1468058230832de763ea279665bb0f9ad0b8a336
- request:
    method: get
    uri: https://cmr.earthdata.nasa.gov/search/collections.json?include_facets=true&page_size=20&page_num=1&hierarchical_facets=true&include_tags=edsc.%2A&exclude%5Btag_key%5D=edsc.datasource.cwic&keyword=C179002945-ORNL_DAAC%2A&include_has_granules=true&include_granule_counts=true
    body:
      encoding: US-ASCII
      string: ''
    headers:
      User-Agent:
      - Faraday v0.8.8
      Client-Id:
      - edsc-dev
      Echo-ClientId:
      - edsc-dev
  recorded_at: Sun, 27 Mar 2016 02:26:37 GMT
  digest: 01f2c9405d63ab74e51d3ef453c66c4a621384e3
- request:
    method: get
    uri: https://cmr.earthdata.nasa.gov/search/collections.json?include_facets=true&page_size=20&page_num=1&hierarchical_facets=true&include_tags=edsc.%2A&exclude%5Btag_key%5D=edsc.datasource.cwic&keyword=C179003030-ORNL_DAAC%2A&include_has_granules=true&include_granule_counts=true
    body:
      encoding: US-ASCII
      string: ''
    headers:
      User-Agent:
      - Faraday v0.8.8
      Client-Id:
      - edsc-dev
      Echo-ClientId:
      - edsc-dev
  recorded_at: Sun, 27 Mar 2016 02:14:41 GMT
  digest: 15627ca54dfbea5e332b252884592bbc5436310b
- request:
    method: get
    uri: https://cmr.earthdata.nasa.gov/search/collections.json?include_facets=true&page_size=20&page_num=1&hierarchical_facets=true&include_tags=edsc.%2A&exclude%5Btag_key%5D=edsc.datasource.cwic&keyword=C181553784-GSFCS4PA%2A&include_has_granules=true&include_granule_counts=true
    body:
      encoding: US-ASCII
      string: ''
    headers:
      User-Agent:
      - Faraday v0.8.8
      Client-Id:
      - edsc-dev
      Echo-ClientId:
      - edsc-dev
  recorded_at: Sun, 27 Mar 2016 02:14:44 GMT
  digest: c3cea3702fba7c9209029e116a3eb77c7524b23f
- request:
    method: get
    uri: https://cmr.earthdata.nasa.gov/search/collections.json?include_facets=true&page_size=20&page_num=1&hierarchical_facets=true&include_tags=edsc.%2A&exclude%5Btag_key%5D=edsc.datasource.cwic&keyword=C187016591-LPDAAC_ECS%2A&include_has_granules=true&include_granule_counts=true
    body:
      encoding: US-ASCII
      string: ''
    headers:
      User-Agent:
      - Faraday v0.8.8
      Client-Id:
      - edsc-dev
      Echo-ClientId:
      - edsc-dev
  recorded_at: Sun, 27 Mar 2016 02:21:51 GMT
  digest: 9f503efefb5b414a3284efff7630f779576159af
- request:
    method: get
    uri: https://cmr.earthdata.nasa.gov/search/collections.json?include_facets=true&page_size=20&page_num=1&hierarchical_facets=true&include_tags=edsc.%2A&exclude%5Btag_key%5D=edsc.datasource.cwic&keyword=C189202233-LPDAAC_ECS%2A&include_has_granules=true&include_granule_counts=true
    body:
      encoding: US-ASCII
      string: ''
    headers:
      User-Agent:
      - Faraday v0.8.8
      Client-Id:
      - edsc-dev
      Echo-ClientId:
      - edsc-dev
      Echo-Token:
      - edsc
  recorded_at: Sun, 27 Mar 2016 02:26:43 GMT
  digest: 6baa6bec2ac1d41b97c91e68adb33776837ea61d
- request:
    method: get
    uri: https://cmr.earthdata.nasa.gov/search/collections.json?include_facets=true&page_size=20&page_num=1&hierarchical_facets=true&include_tags=edsc.%2A&exclude%5Btag_key%5D=edsc.datasource.cwic&keyword=C197265171-LPDAAC_ECS%2A&include_has_granules=true&include_granule_counts=true
    body:
      encoding: US-ASCII
      string: ''
    headers:
      User-Agent:
      - Faraday v0.8.8
      Client-Id:
      - edsc-dev
      Echo-ClientId:
      - edsc-dev
      Echo-Token:
      - edsc
  recorded_at: Sun, 27 Mar 2016 02:36:45 GMT
  digest: 5bb76356a29871d6dd382e142adcd764fde5c007
- request:
    method: get
    uri: https://cmr.earthdata.nasa.gov/search/collections.json?include_facets=true&page_size=20&page_num=1&hierarchical_facets=true&include_tags=edsc.%2A&exclude%5Btag_key%5D=edsc.datasource.cwic&keyword=C32000-PODAAC%2A&include_has_granules=true&include_granule_counts=true
    body:
      encoding: US-ASCII
      string: ''
    headers:
      User-Agent:
      - Faraday v0.8.8
      Client-Id:
      - edsc-dev
      Echo-ClientId:
      - edsc-dev
  recorded_at: Sun, 27 Mar 2016 02:14:38 GMT
  digest: 429e6778c2513d3e7c551e231939663f3a985248
- request:
    method: get
    uri: https://cmr.earthdata.nasa.gov/search/collections.json?include_facets=true&page_size=20&page_num=1&hierarchical_facets=true&include_tags=edsc.%2A&exclude%5Btag_key%5D=edsc.datasource.cwic&keyword=NSIDC-0022%2A&include_has_granules=true&include_granule_counts=true
    body:
      encoding: US-ASCII
      string: ''
    headers:
      User-Agent:
      - Faraday v0.8.8
      Client-Id:
      - edsc-dev
      Echo-ClientId:
      - edsc-dev
  recorded_at: Sun, 27 Mar 2016 02:26:27 GMT
  digest: 4a683f5ee2b09ce4d095d91239da877e1f4e5dcd
- request:
    method: get
    uri: https://cmr.earthdata.nasa.gov/search/collections.json?include_facets=true&page_size=20&page_num=1&include_tags=edsc.%2A&exclude%5Btag_key%5D=edsc.datasource.cwic&include_has_granules=true&include_granule_counts=true
    body:
      encoding: US-ASCII
      string: ''
    headers:
      User-Agent:
      - Faraday v0.8.8
      Client-Id:
      - edsc-dev
      Echo-ClientId:
      - edsc-dev
  recorded_at: Sun, 27 Mar 2016 01:49:38 GMT
  digest: f11dcc369c3ec23aa8e312382b1e03eb399b949f
- request:
    method: get
    uri: https://cmr.earthdata.nasa.gov/search/collections.json?include_facets=true&page_size=20&page_num=1&include_tags=edsc.%2A&exclude%5Btag_key%5D=edsc.datasource.cwic&keyword=AQUARIUS_SAC-D%2A+as%2A&include_has_granules=true&include_granule_counts=true
    body:
      encoding: US-ASCII
      string: ''
    headers:
      User-Agent:
      - Faraday v0.8.8
      Client-Id:
      - edsc-dev
      Echo-ClientId:
      - edsc-dev
  recorded_at: Sun, 27 Mar 2016 02:14:25 GMT
  digest: 37142b65e87e5c79f5b9a3a8964bf2fb4dd8a934
- request:
    method: get
    uri: https://cmr.earthdata.nasa.gov/search/collections.json?include_facets=true&page_size=20&page_num=1&include_tags=edsc.%2A&exclude%5Btag_key%5D=edsc.datasource.cwic&keyword=AST_L1AE%2A&include_has_granules=true&include_granule_counts=true
    body:
      encoding: US-ASCII
      string: ''
    headers:
      User-Agent:
      - Faraday v0.8.8
      Client-Id:
      - edsc-dev
      Echo-ClientId:
      - edsc-dev
  recorded_at: Sun, 27 Mar 2016 02:26:00 GMT
  digest: e531a1e6c800fbbf685d710502acf6660931df61
- request:
    method: get
    uri: https://cmr.earthdata.nasa.gov/search/collections.json?include_facets=true&page_size=20&page_num=1&include_tags=edsc.%2A&exclude%5Btag_key%5D=edsc.datasource.cwic&keyword=Aqua_AMSR-E_L3_TB_23.8GHz-H%2A&include_has_granules=true&include_granule_counts=true
    body:
      encoding: US-ASCII
      string: ''
    headers:
      User-Agent:
      - Faraday v0.8.8
      Client-Id:
      - edsc-dev
      Echo-ClientId:
      - edsc-dev
  recorded_at: Sun, 27 Mar 2016 02:27:30 GMT
  digest: 38abb24814e3a4fc4deeeb05fa4cc9803c21a06a
- request:
    method: get
    uri: https://cmr.earthdata.nasa.gov/search/collections.json?include_facets=true&page_size=20&page_num=1&include_tags=edsc.%2A&exclude%5Btag_key%5D=edsc.datasource.cwic&keyword=C1000000019-LANCEMODIS%2A&include_has_granules=true&include_granule_counts=true
    body:
      encoding: US-ASCII
      string: ''
    headers:
      User-Agent:
      - Faraday v0.8.8
      Client-Id:
      - edsc-dev
      Echo-ClientId:
      - edsc-dev
  recorded_at: Sun, 27 Mar 2016 01:49:40 GMT
  digest: 919dcf0cbdf2acaaf0e0e327d647b2576e096b1e
- request:
    method: get
    uri: https://cmr.earthdata.nasa.gov/search/collections.json?include_facets=true&page_size=20&page_num=1&include_tags=edsc.%2A&exclude%5Btag_key%5D=edsc.datasource.cwic&keyword=C119124186-NSIDC_ECS%2A&include_has_granules=true&include_granule_counts=true
    body:
      encoding: US-ASCII
      string: ''
    headers:
      User-Agent:
      - Faraday v0.8.8
      Client-Id:
      - edsc-dev
      Echo-ClientId:
      - edsc-dev
  recorded_at: Sun, 27 Mar 2016 01:52:50 GMT
  digest: fd385b2fec0faf388f788b50e11dcbac00d1e90b
- request:
    method: get
    uri: https://cmr.earthdata.nasa.gov/search/collections.json?include_facets=true&page_size=20&page_num=1&include_tags=edsc.%2A&exclude%5Btag_key%5D=edsc.datasource.cwic&keyword=C1214605943-SCIOPS%2A&include_has_granules=true&include_granule_counts=true
    body:
      encoding: US-ASCII
      string: ''
    headers:
      User-Agent:
      - Faraday v0.8.8
      Client-Id:
      - edsc-dev
      Echo-ClientId:
      - edsc-dev
  recorded_at: Sun, 27 Mar 2016 02:14:48 GMT
  digest: e327d2639ef964a1c612cbe0fe09441806745e01
- request:
    method: get
    uri: https://cmr.earthdata.nasa.gov/search/collections.json?include_facets=true&page_size=20&page_num=1&include_tags=edsc.%2A&exclude%5Btag_key%5D=edsc.datasource.cwic&keyword=C1220111370-NSIDCV0%2A&include_has_granules=true&include_granule_counts=true
    body:
      encoding: US-ASCII
      string: ''
    headers:
      User-Agent:
      - Faraday v0.8.8
      Client-Id:
      - edsc-dev
      Echo-ClientId:
      - edsc-dev
  recorded_at: Sun, 27 Mar 2016 02:36:30 GMT
  digest: a057aa6b667076abeab19e29f14f79ae4fa00104
- request:
    method: get
    uri: https://cmr.earthdata.nasa.gov/search/collections.json?include_facets=true&page_size=20&page_num=1&include_tags=edsc.%2A&exclude%5Btag_key%5D=edsc.datasource.cwic&keyword=C138500-PODAAC%2A&include_has_granules=true&include_granule_counts=true
    body:
      encoding: US-ASCII
      string: ''
    headers:
      User-Agent:
      - Faraday v0.8.8
      Client-Id:
      - edsc-dev
      Echo-ClientId:
      - edsc-dev
  recorded_at: Sun, 27 Mar 2016 02:14:23 GMT
  digest: 19292ee4f2aba294f7231c7b7e3174a10ba520fc
- request:
    method: get
    uri: https://cmr.earthdata.nasa.gov/search/collections.json?include_facets=true&page_size=20&page_num=1&include_tags=edsc.%2A&exclude%5Btag_key%5D=edsc.datasource.cwic&keyword=C179002945-ORNL_DAAC%2A&include_has_granules=true&include_granule_counts=true
    body:
      encoding: US-ASCII
      string: ''
    headers:
      User-Agent:
      - Faraday v0.8.8
      Client-Id:
      - edsc-dev
      Echo-ClientId:
      - edsc-dev
  recorded_at: Sun, 27 Mar 2016 02:26:38 GMT
  digest: b857615b309309d1cba4cbb28f9f3589fd38a17a
- request:
    method: get
    uri: https://cmr.earthdata.nasa.gov/search/collections.json?include_facets=true&page_size=20&page_num=1&include_tags=edsc.%2A&exclude%5Btag_key%5D=edsc.datasource.cwic&keyword=C179003030-ORNL_DAAC%2A&include_has_granules=true&include_granule_counts=true
    body:
      encoding: US-ASCII
      string: ''
    headers:
      User-Agent:
      - Faraday v0.8.8
      Client-Id:
      - edsc-dev
      Echo-ClientId:
      - edsc-dev
  recorded_at: Sun, 27 Mar 2016 02:14:41 GMT
  digest: c36d1212f1d62cf2c5a62095f9da5e42ca2fbb2c
- request:
    method: get
    uri: https://cmr.earthdata.nasa.gov/search/collections.json?include_facets=true&page_size=20&page_num=1&include_tags=edsc.%2A&exclude%5Btag_key%5D=edsc.datasource.cwic&keyword=C181553784-GSFCS4PA%2A&include_has_granules=true&include_granule_counts=true
    body:
      encoding: US-ASCII
      string: ''
    headers:
      User-Agent:
      - Faraday v0.8.8
      Client-Id:
      - edsc-dev
      Echo-ClientId:
      - edsc-dev
  recorded_at: Sun, 27 Mar 2016 02:14:43 GMT
  digest: 3f7300273f877856e7177debd5b2c3a5bda88944
- request:
    method: get
    uri: https://cmr.earthdata.nasa.gov/search/collections.json?include_facets=true&page_size=20&page_num=1&include_tags=edsc.%2A&exclude%5Btag_key%5D=edsc.datasource.cwic&keyword=C187016591-LPDAAC_ECS%2A&include_has_granules=true&include_granule_counts=true
    body:
      encoding: US-ASCII
      string: ''
    headers:
      User-Agent:
      - Faraday v0.8.8
      Client-Id:
      - edsc-dev
      Echo-ClientId:
      - edsc-dev
  recorded_at: Sun, 27 Mar 2016 02:21:51 GMT
  digest: ccad5074e2b4f3777dce1c7e08c91d5b26fd23c5
- request:
    method: get
    uri: https://cmr.earthdata.nasa.gov/search/collections.json?include_facets=true&page_size=20&page_num=1&include_tags=edsc.%2A&exclude%5Btag_key%5D=edsc.datasource.cwic&keyword=C189202233-LPDAAC_ECS%2A&include_has_granules=true&include_granule_counts=true
    body:
      encoding: US-ASCII
      string: ''
    headers:
      User-Agent:
      - Faraday v0.8.8
      Client-Id:
      - edsc-dev
      Echo-ClientId:
      - edsc-dev
      Echo-Token:
      - edsc
  recorded_at: Sun, 27 Mar 2016 02:26:42 GMT
  digest: de4d605af7ab92fee7c755073e41f8f9ab6781bd
- request:
    method: get
    uri: https://cmr.earthdata.nasa.gov/search/collections.json?include_facets=true&page_size=20&page_num=1&include_tags=edsc.%2A&exclude%5Btag_key%5D=edsc.datasource.cwic&keyword=C197265171-LPDAAC_ECS%2A&include_has_granules=true&include_granule_counts=true
    body:
      encoding: US-ASCII
      string: ''
    headers:
      User-Agent:
      - Faraday v0.8.8
      Client-Id:
      - edsc-dev
      Echo-ClientId:
      - edsc-dev
      Echo-Token:
      - edsc
  recorded_at: Sun, 27 Mar 2016 02:36:44 GMT
  digest: 152c9d724088fa4aa2d3895cd587413aa1ed18b5
- request:
    method: get
    uri: https://cmr.earthdata.nasa.gov/search/collections.json?include_facets=true&page_size=20&page_num=1&include_tags=edsc.%2A&exclude%5Btag_key%5D=edsc.datasource.cwic&keyword=C32000-PODAAC%2A&include_has_granules=true&include_granule_counts=true
    body:
      encoding: US-ASCII
      string: ''
    headers:
      User-Agent:
      - Faraday v0.8.8
      Client-Id:
      - edsc-dev
      Echo-ClientId:
      - edsc-dev
  recorded_at: Sun, 27 Mar 2016 02:14:38 GMT
  digest: a4bd92b139febc156297b79ff6407ce0343b4dba
- request:
    method: get
    uri: https://cmr.earthdata.nasa.gov/search/collections.json?include_facets=true&page_size=20&page_num=1&include_tags=edsc.%2A&exclude%5Btag_key%5D=edsc.datasource.cwic&keyword=NSIDC-0022%2A&include_has_granules=true&include_granule_counts=true
    body:
      encoding: US-ASCII
      string: ''
    headers:
      User-Agent:
      - Faraday v0.8.8
      Client-Id:
      - edsc-dev
      Echo-ClientId:
      - edsc-dev
  recorded_at: Sun, 27 Mar 2016 02:26:25 GMT
  digest: 96b2b28911c81ab07b66cedb09d2554a068b5a9a
- request:
    method: get
    uri: https://cmr.earthdata.nasa.gov/search/collections.json?page_size=20&page_num=2&include_tags=edsc.%2A&exclude%5Btag_key%5D=edsc.datasource.cwic&include_has_granules=true&include_granule_counts=true
    body:
      encoding: US-ASCII
      string: ''
    headers:
      User-Agent:
      - Faraday v0.8.8
      Client-Id:
      - edsc-dev
      Echo-ClientId:
      - edsc-dev
  recorded_at: Sun, 27 Mar 2016 02:14:45 GMT
  digest: b3dd0059883ce6dc3e348855161fac1d34abbe28
- request:
    method: get
    uri: https://cmr.uat.earthdata.nasa.gov/search/collections.json?echo_collection_id%5B%5D=C1204424196-GCMDTEST&page_num=1&include_tags=edsc.%2A&include_has_granules=true&include_granule_counts=true
    body:
      encoding: US-ASCII
      string: ''
    headers:
      User-Agent:
      - Faraday v0.8.8
      Client-Id:
      - edsc-dev
      Echo-ClientId:
      - edsc-dev
  recorded_at: Sun, 27 Mar 2016 02:26:07 GMT
  digest: a17695eab420ab294fcb8f15010f39d47f2b093f
- request:
    method: get
    uri: https://cmr.uat.earthdata.nasa.gov/search/collections.json?echo_collection_id%5B%5D=C1204482909-GCMDTEST&page_num=1&include_tags=edsc.%2A&include_has_granules=true&include_granule_counts=true
    body:
      encoding: US-ASCII
      string: ''
    headers:
      User-Agent:
      - Faraday v0.8.8
      Client-Id:
      - edsc-dev
      Echo-ClientId:
      - edsc-dev
  recorded_at: Sun, 27 Mar 2016 02:27:26 GMT
  digest: 22332c829a66f625278b2c2a68b0df76884cace7
- request:
    method: get
    uri: https://cmr.uat.earthdata.nasa.gov/search/collections.json?include_facets=true&page_size=20&page_num=1&hierarchical_facets=true&include_tags=edsc.%2A&echo_collection_id%5B%5D=C1000000016-LANCEMODIS&echo_collection_id%5B%5D=C1000000019-LANCEMODIS&include_has_granules=true&include_granule_counts=true
    body:
      encoding: US-ASCII
      string: ''
    headers:
      User-Agent:
      - Faraday v0.8.8
      Client-Id:
      - edsc-dev
      Echo-ClientId:
      - edsc-dev
  recorded_at: Sun, 27 Mar 2016 03:02:17 GMT
  digest: f7bf5b0a0db4f4207e5e658d1b0e4468252052ee
- request:
    method: get
    uri: https://cmr.uat.earthdata.nasa.gov/search/collections.json?include_facets=true&page_size=20&page_num=1&hierarchical_facets=true&include_tags=edsc.%2A&echo_collection_id%5B%5D=C1000000016-LANCEMODIS&echo_collection_id%5B%5D=C1000000019-LANCEMODIS&keyword=C1204449891-GCMDTEST%2A&include_has_granules=true&include_granule_counts=true
    body:
      encoding: US-ASCII
      string: ''
    headers:
      User-Agent:
      - Faraday v0.8.8
      Client-Id:
      - edsc-dev
      Echo-ClientId:
      - edsc-dev
  recorded_at: Sun, 27 Mar 2016 03:02:19 GMT
  digest: ff1d86e9ddad82627a618369df39e57284f33db3
- request:
    method: get
    uri: https://cmr.uat.earthdata.nasa.gov/search/collections.json?include_facets=true&page_size=20&page_num=1&hierarchical_facets=true&include_tags=edsc.%2A&echo_collection_id%5B%5D=C1000000016-LANCEMODIS&echo_collection_id%5B%5D=C1000000019-LANCEMODIS&keyword=C1204595275-GCMDTEST%2A&include_has_granules=true&include_granule_counts=true
    body:
      encoding: US-ASCII
      string: ''
    headers:
      User-Agent:
      - Faraday v0.8.8
      Client-Id:
      - edsc-dev
      Echo-ClientId:
      - edsc-dev
  recorded_at: Sun, 27 Mar 2016 02:03:06 GMT
  digest: c63d84899ddd74613e992b2a473a94a0088c8f8f
- request:
    method: get
    uri: https://cmr.uat.earthdata.nasa.gov/search/collections.json?include_facets=true&page_size=20&page_num=1&hierarchical_facets=true&include_tags=edsc.%2A&echo_collection_id%5B%5D=C1000000016-LANCEMODIS&echo_collection_id%5B%5D=C1000000019-LANCEMODIS&keyword=C43947-GSFCS4PA%2A&include_has_granules=true&include_granule_counts=true
    body:
      encoding: US-ASCII
      string: ''
    headers:
      User-Agent:
      - Faraday v0.8.8
      Client-Id:
      - edsc-dev
      Echo-ClientId:
      - edsc-dev
  recorded_at: Sun, 27 Mar 2016 03:02:21 GMT
  digest: 2f60aa1cd97bc054540e66591cf6d407733423e6
- request:
    method: get
    uri: https://cmr.uat.earthdata.nasa.gov/search/collections.json?include_facets=true&page_size=20&page_num=1&hierarchical_facets=true&include_tags=edsc.%2A&exclude%5Btag_key%5D=edsc.datasource.cwic&echo_collection_id%5B%5D=C1000000016-LANCEMODIS&echo_collection_id%5B%5D=C1000000019-LANCEMODIS&include_has_granules=true&include_granule_counts=true
    body:
      encoding: US-ASCII
      string: ''
    headers:
      User-Agent:
      - Faraday v0.8.8
      Client-Id:
      - edsc-dev
      Echo-ClientId:
      - edsc-dev
  recorded_at: Sun, 27 Mar 2016 02:26:12 GMT
  digest: 62e93e81a823beb7562ce3a026a654ba922f414c
- request:
    method: get
    uri: https://cmr.uat.earthdata.nasa.gov/search/collections.json?include_facets=true&page_size=20&page_num=1&hierarchical_facets=true&include_tags=edsc.%2A&exclude%5Btag_key%5D=edsc.datasource.cwic&echo_collection_id%5B%5D=C1000000016-LANCEMODIS&echo_collection_id%5B%5D=C1000000019-LANCEMODIS&keyword=C1204449891-GCMDTEST%2A&include_has_granules=true&include_granule_counts=true
    body:
      encoding: US-ASCII
      string: ''
    headers:
      User-Agent:
      - Faraday v0.8.8
      Client-Id:
      - edsc-dev
      Echo-ClientId:
      - edsc-dev
  recorded_at: Sun, 27 Mar 2016 03:02:50 GMT
  digest: 597af2eb2cd841347fda840ad58d5caaccf8d717
- request:
    method: get
    uri: https://cmr.uat.earthdata.nasa.gov/search/collections.json?include_facets=true&page_size=20&page_num=1&hierarchical_facets=true&include_tags=edsc.%2A&exclude%5Btag_key%5D=edsc.datasource.cwic&echo_collection_id%5B%5D=C1000000016-LANCEMODIS&echo_collection_id%5B%5D=C1000000019-LANCEMODIS&keyword=C43947-GSFCS4PA%2A&include_has_granules=true&include_granule_counts=true
    body:
      encoding: US-ASCII
      string: ''
    headers:
      User-Agent:
      - Faraday v0.8.8
      Client-Id:
      - edsc-dev
      Echo-ClientId:
      - edsc-dev
  recorded_at: Sun, 27 Mar 2016 03:02:37 GMT
  digest: babd1180ea204013bf0ef660149eafaf315c3128
- request:
    method: get
    uri: https://cmr.uat.earthdata.nasa.gov/search/collections.json?include_facets=true&page_size=20&page_num=1&hierarchical_facets=true&include_tags=edsc.%2A&exclude%5Btag_key%5D=edsc.datasource.cwic&include_has_granules=true&include_granule_counts=true
    body:
      encoding: US-ASCII
      string: ''
    headers:
      User-Agent:
      - Faraday v0.8.8
      Client-Id:
      - edsc-dev
      Echo-ClientId:
      - edsc-dev
  recorded_at: Sun, 27 Mar 2016 02:26:12 GMT
  digest: 2f7066cf6c9ccc3174186e37c29167c83cc395b6
- request:
    method: get
    uri: https://cmr.uat.earthdata.nasa.gov/search/collections.json?include_facets=true&page_size=20&page_num=1&hierarchical_facets=true&include_tags=edsc.%2A&exclude%5Btag_key%5D=edsc.datasource.cwic&keyword=C1204449891-GCMDTEST%2A&include_has_granules=true&include_granule_counts=true
    body:
      encoding: US-ASCII
      string: ''
    headers:
      User-Agent:
      - Faraday v0.8.8
      Client-Id:
      - edsc-dev
      Echo-ClientId:
      - edsc-dev
  recorded_at: Sun, 27 Mar 2016 03:02:49 GMT
  digest: cfd46bcb41ac9854af323d4e316c3f3f6ac7a46e
- request:
    method: get
    uri: https://cmr.uat.earthdata.nasa.gov/search/collections.json?include_facets=true&page_size=20&page_num=1&hierarchical_facets=true&include_tags=edsc.%2A&exclude%5Btag_key%5D=edsc.datasource.cwic&keyword=C43947-GSFCS4PA%2A&include_has_granules=true&include_granule_counts=true
    body:
      encoding: US-ASCII
      string: ''
    headers:
      User-Agent:
      - Faraday v0.8.8
      Client-Id:
      - edsc-dev
      Echo-ClientId:
      - edsc-dev
  recorded_at: Sun, 27 Mar 2016 03:02:36 GMT
  digest: 177c21d8af7ebb74879e54665fc5abe6ef958ce7
- request:
    method: get
    uri: https://cmr.uat.earthdata.nasa.gov/search/collections.json?include_facets=true&page_size=20&page_num=1&hierarchical_facets=true&include_tags=edsc.%2A&include_has_granules=true&include_granule_counts=true
    body:
      encoding: US-ASCII
      string: ''
    headers:
      User-Agent:
      - Faraday v0.8.8
      Client-Id:
      - edsc-dev
      Echo-ClientId:
      - edsc-dev
  recorded_at: Sun, 27 Mar 2016 03:02:16 GMT
  digest: 74504191ad11fd34f5b3ae16c8251057f97594d0
- request:
    method: get
    uri: https://cmr.uat.earthdata.nasa.gov/search/collections.json?include_facets=true&page_size=20&page_num=1&hierarchical_facets=true&include_tags=edsc.%2A&keyword=C1204449891-GCMDTEST%2A&include_has_granules=true&include_granule_counts=true
    body:
      encoding: US-ASCII
      string: ''
    headers:
      User-Agent:
      - Faraday v0.8.8
      Client-Id:
      - edsc-dev
      Echo-ClientId:
      - edsc-dev
  recorded_at: Sun, 27 Mar 2016 03:02:19 GMT
  digest: 4d1a3c45653d9941909886530f12e5b9a243bbbf
- request:
    method: get
    uri: https://cmr.uat.earthdata.nasa.gov/search/collections.json?include_facets=true&page_size=20&page_num=1&hierarchical_facets=true&include_tags=edsc.%2A&keyword=C1204595275-GCMDTEST%2A&include_has_granules=true&include_granule_counts=true
    body:
      encoding: US-ASCII
      string: ''
    headers:
      User-Agent:
      - Faraday v0.8.8
      Client-Id:
      - edsc-dev
      Echo-ClientId:
      - edsc-dev
  recorded_at: Sun, 27 Mar 2016 02:03:05 GMT
  digest: 098810e70f5eac7093183f7dd571f1e3e4a0ad7e
- request:
    method: get
    uri: https://cmr.uat.earthdata.nasa.gov/search/collections.json?include_facets=true&page_size=20&page_num=1&hierarchical_facets=true&include_tags=edsc.%2A&keyword=C43947-GSFCS4PA%2A&include_has_granules=true&include_granule_counts=true
    body:
      encoding: US-ASCII
      string: ''
    headers:
      User-Agent:
      - Faraday v0.8.8
      Client-Id:
      - edsc-dev
      Echo-ClientId:
      - edsc-dev
  recorded_at: Sun, 27 Mar 2016 03:02:20 GMT
  digest: fde3fec9cd97d08e86af031aec6673148f9e2823
- request:
    method: get
    uri: https://cmr.uat.earthdata.nasa.gov/search/collections.json?include_facets=true&page_size=20&page_num=1&include_tags=edsc.%2A&exclude%5Btag_key%5D=edsc.datasource.cwic&include_has_granules=true&include_granule_counts=true
    body:
      encoding: US-ASCII
      string: ''
    headers:
      User-Agent:
      - Faraday v0.8.8
      Client-Id:
      - edsc-dev
      Echo-ClientId:
      - edsc-dev
  recorded_at: Sun, 27 Mar 2016 02:26:07 GMT
  digest: 47744030b1789c77406e2d8ff61139728ee66108
- request:
    method: get
    uri: https://cmr.uat.earthdata.nasa.gov/search/collections.json?include_facets=true&page_size=20&page_num=1&include_tags=edsc.%2A&exclude%5Btag_key%5D=edsc.datasource.cwic&keyword=C1204449891-GCMDTEST%2A&include_has_granules=true&include_granule_counts=true
    body:
      encoding: US-ASCII
      string: ''
    headers:
      User-Agent:
      - Faraday v0.8.8
      Client-Id:
      - edsc-dev
      Echo-ClientId:
      - edsc-dev
  recorded_at: Sun, 27 Mar 2016 03:02:48 GMT
  digest: 315b2a1e456cb3c76de855c6d28e344313c7319a
- request:
    method: get
    uri: https://cmr.uat.earthdata.nasa.gov/search/collections.json?include_facets=true&page_size=20&page_num=1&include_tags=edsc.%2A&exclude%5Btag_key%5D=edsc.datasource.cwic&keyword=C43947-GSFCS4PA%2A&include_has_granules=true&include_granule_counts=true
    body:
      encoding: US-ASCII
      string: ''
    headers:
      User-Agent:
      - Faraday v0.8.8
      Client-Id:
      - edsc-dev
      Echo-ClientId:
      - edsc-dev
  recorded_at: Sun, 27 Mar 2016 03:02:36 GMT
  digest: 671626f7a7110653ce315c27a55aff6f547c3735
- request:
    method: get
    uri: https://cmr.uat.earthdata.nasa.gov/search/collections.json?include_facets=true&page_size=20&page_num=1&include_tags=edsc.%2A&include_has_granules=true&include_granule_counts=true
    body:
      encoding: US-ASCII
      string: ''
    headers:
      User-Agent:
      - Faraday v0.8.8
      Client-Id:
      - edsc-dev
      Echo-ClientId:
      - edsc-dev
  recorded_at: Sun, 27 Mar 2016 03:02:17 GMT
  digest: abae3972d59005dbd7865ea4239cdd5a61bd602d
- request:
    method: get
    uri: https://cmr.uat.earthdata.nasa.gov/search/collections.json?include_facets=true&page_size=20&page_num=1&include_tags=edsc.%2A&keyword=C1204449891-GCMDTEST%2A&include_has_granules=true&include_granule_counts=true
    body:
      encoding: US-ASCII
      string: ''
    headers:
      User-Agent:
      - Faraday v0.8.8
      Client-Id:
      - edsc-dev
      Echo-ClientId:
      - edsc-dev
  recorded_at: Sun, 27 Mar 2016 03:02:18 GMT
  digest: bbe3e76bb326f85b9557c27ad2ffc494611cf171
- request:
    method: get
    uri: https://cmr.uat.earthdata.nasa.gov/search/collections.json?include_facets=true&page_size=20&page_num=1&include_tags=edsc.%2A&keyword=C1204595275-GCMDTEST%2A&include_has_granules=true&include_granule_counts=true
    body:
      encoding: US-ASCII
      string: ''
    headers:
      User-Agent:
      - Faraday v0.8.8
      Client-Id:
      - edsc-dev
      Echo-ClientId:
      - edsc-dev
  recorded_at: Sun, 27 Mar 2016 02:03:05 GMT
  digest: 0ecf4fd879c53c8f9f4eea8b194bf1db23acb7f4
- request:
    method: get
    uri: https://cmr.uat.earthdata.nasa.gov/search/collections.json?include_facets=true&page_size=20&page_num=1&include_tags=edsc.%2A&keyword=C43947-GSFCS4PA%2A&include_has_granules=true&include_granule_counts=true
    body:
      encoding: US-ASCII
      string: ''
    headers:
      User-Agent:
      - Faraday v0.8.8
      Client-Id:
      - edsc-dev
      Echo-ClientId:
      - edsc-dev
  recorded_at: Sun, 27 Mar 2016 03:02:20 GMT
  digest: 42b9fd305b7ec81e056692d020c25e8b111c4d32
recorded_with: VCR 2.6.0
