---
http_interactions:
- request:
    method: get
    uri: https://api.echo.nasa.gov/echo-rest/option_definitions/19AFC933-5015-F5D6-0D38-C2414CCB520F.json
    body:
      encoding: US-ASCII
      string: ''
    headers:
      User-Agent:
      - Faraday v0.8.8
      Client-Id:
      - eed-edsc-dev
      Echo-ClientId:
      - eed-edsc-dev
      Echo-Token:
      - edsc
  recorded_at: Mon, 11 Jul 2016 18:08:40 GMT
  digest: f085ea3c29b348aa041da1fc8bd7ef275145800a
- request:
    method: get
    uri: https://api.echo.nasa.gov/echo-rest/option_definitions/5F92533B-A6C8-896F-46D4-7516CE7CDDC4.json
    body:
      encoding: US-ASCII
      string: ''
    headers:
      User-Agent:
      - Faraday v0.8.8
      Client-Id:
      - eed-edsc-dev
      Echo-ClientId:
      - eed-edsc-dev
      Echo-Token:
      - edsc
  recorded_at: Mon, 11 Jul 2016 18:46:47 GMT
  digest: db4b48585584f8241acc7e65cbdca85f83e58d0f
- request:
    method: get
    uri: https://api.echo.nasa.gov/echo-rest/option_definitions/64E1376B-C01B-949F-B846-A46F36A49505.json
    body:
      encoding: US-ASCII
      string: ''
    headers:
      User-Agent:
      - Faraday v0.8.8
      Client-Id:
      - eed-edsc-dev
      Echo-ClientId:
      - eed-edsc-dev
      Echo-Token:
      - edsc
  recorded_at: Mon, 11 Jul 2016 18:24:05 GMT
  digest: dd14e77fedc4882c6f9d0e80196735350b635dec
- request:
    method: get
    uri: https://api.echo.nasa.gov/echo-rest/option_definitions/906C81F9-4941-1D4D-2EB5-07B6DBBBBDFA.json
    body:
      encoding: US-ASCII
      string: ''
    headers:
      User-Agent:
      - Faraday v0.8.8
      Client-Id:
      - eed-edsc-dev
      Echo-ClientId:
      - eed-edsc-dev
      Echo-Token:
      - edsc
  recorded_at: Mon, 11 Jul 2016 18:24:42 GMT
  digest: 666342d7a2c227f0ff0c357db73a9fba5baee698
- request:
    method: get
    uri: https://api.echo.nasa.gov/echo-rest/option_definitions/9940B026-5C7C-BC3E-049B-89F6D2A35AD8.json
    body:
      encoding: US-ASCII
      string: ''
    headers:
      User-Agent:
      - Faraday v0.8.8
      Client-Id:
      - eed-edsc-dev
      Echo-ClientId:
      - eed-edsc-dev
      Echo-Token:
      - edsc
  recorded_at: Mon, 11 Jul 2016 18:47:01 GMT
  digest: 6e5f41bd3563ffc533d86ecfa47b3c6e7f5b39a8
- request:
    method: get
    uri: https://api.echo.nasa.gov/echo-rest/option_definitions/E1F140CA-CC29-B7AD-5AA0-D7E26463BCF1.json
    body:
      encoding: US-ASCII
      string: ''
    headers:
      User-Agent:
      - Faraday v0.8.8
      Client-Id:
      - eed-edsc-dev
      Echo-ClientId:
      - eed-edsc-dev
      Echo-Token:
      - edsc
  recorded_at: Mon, 11 Jul 2016 18:30:42 GMT
  digest: 2c130f6ffcb3efdbbb529ab361c04f9275558e3e
recorded_with: VCR 2.6.0
