---
http_interactions:
- request:
    method: post
    uri: https://cmr.earthdata.nasa.gov/search/granules/timeline.json
    body:
      encoding: US-ASCII
      string: bounding_box=0%2C0%2C15%2C15&concept_id=C1219252422-LANCEMODIS&end_date=2015-03-02T00%3A00%3A00.000Z&interval=day&start_date=2012-02-28T00%3A00%3A00.000Z
    headers:
      User-Agent:
      - Faraday v0.8.8
      Content-Type:
      - application/x-www-form-urlencoded
      Client-Id:
      - eed-edsc-dev
      Echo-ClientId:
      - eed-edsc-dev
  recorded_at: Mon, 11 Jul 2016 19:19:15 GMT
  digest: 99e5237f0460efcaa645f3ad318d377caea881f6
- request:
    method: post
    uri: https://cmr.earthdata.nasa.gov/search/granules/timeline.json
    body:
      encoding: US-ASCII
      string: bounding_box=0%2C0%2C15%2C15&concept_id=C1236224151-GES_DISC&end_date=2015-03-02T00%3A00%3A00.000Z&interval=day&start_date=2012-02-28T00%3A00%3A00.000Z
    headers:
      User-Agent:
      - Faraday v0.8.8
      Content-Type:
      - application/x-www-form-urlencoded
      Client-Id:
      - eed-edsc-dev
      Echo-ClientId:
      - eed-edsc-dev
  recorded_at: Mon, 11 Jul 2016 19:19:09 GMT
  digest: 61af3e9bde627965d31a651ea8330219245d60d5
- request:
    method: post
    uri: https://cmr.earthdata.nasa.gov/search/granules/timeline.json
    body:
      encoding: US-ASCII
      string: bounding_box=0%2C10%2C10%2C80&concept_id=C115003855-NSIDC_ECS&end_date=2015-03-02T00%3A00%3A00.000Z&interval=day&start_date=2012-02-28T00%3A00%3A00.000Z
    headers:
      User-Agent:
      - Faraday v0.8.8
      Content-Type:
      - application/x-www-form-urlencoded
      Client-Id:
      - eed-edsc-dev
      Echo-ClientId:
      - eed-edsc-dev
      Echo-Token:
      - edsc
  recorded_at: Mon, 11 Jul 2016 18:09:26 GMT
  digest: abe1485607c534520cc458d534217ecfdd354174
- request:
    method: post
    uri: https://cmr.earthdata.nasa.gov/search/granules/timeline.json
    body:
      encoding: US-ASCII
      string: bounding_box=0%2C80%2C10%2C85&concept_id=C115003855-NSIDC_ECS&end_date=2015-03-02T00%3A00%3A00.000Z&interval=day&start_date=2012-02-28T00%3A00%3A00.000Z
    headers:
      User-Agent:
      - Faraday v0.8.8
      Content-Type:
      - application/x-www-form-urlencoded
      Client-Id:
      - eed-edsc-dev
      Echo-ClientId:
      - eed-edsc-dev
      Echo-Token:
      - edsc
  recorded_at: Mon, 11 Jul 2016 18:08:32 GMT
  digest: 0c9efe9b1de65c1f26b2a38ca5d5c9d29ed99c41
- request:
    method: post
    uri: https://cmr.earthdata.nasa.gov/search/granules/timeline.json
    body:
      encoding: US-ASCII
      string: browse_only=true&concept_id=C179003030-ORNL_DAAC&end_date=1989-03-05T00%3A00%3A00.000Z&interval=day&start_date=1986-03-03T00%3A00%3A00.000Z
    headers:
      User-Agent:
      - Faraday v0.8.8
      Content-Type:
      - application/x-www-form-urlencoded
      Client-Id:
      - eed-edsc-dev
      Echo-ClientId:
      - eed-edsc-dev
  recorded_at: Tue, 12 Jul 2016 00:35:24 GMT
  digest: 5e0360f456337a3721752dc18c4ea96a78ced9f4
- request:
    method: post
    uri: https://cmr.earthdata.nasa.gov/search/granules/timeline.json
    body:
      encoding: US-ASCII
      string: concept_id=C115003855-NSIDC_ECS&end_date=2015-03-02T00%3A00%3A00.000Z&interval=day&point=10%2C-80&start_date=2012-02-28T00%3A00%3A00.000Z
    headers:
      User-Agent:
      - Faraday v0.8.8
      Content-Type:
      - application/x-www-form-urlencoded
      Client-Id:
      - eed-edsc-dev
      Echo-ClientId:
      - eed-edsc-dev
      Echo-Token:
      - edsc
  recorded_at: Mon, 11 Jul 2016 18:09:34 GMT
  digest: d876fed63e5b5b2050d08c41034fef5d5173dda8
- request:
    method: post
    uri: https://cmr.earthdata.nasa.gov/search/granules/timeline.json
    body:
      encoding: US-ASCII
      string: concept_id=C119124186-NSIDC_ECS&end_date=2012-10-04T06%3A51%3A48.000Z&interval=day&start_date=2009-10-02T06%3A51%3A48.000Z
    headers:
      User-Agent:
      - Faraday v0.8.8
      Content-Type:
      - application/x-www-form-urlencoded
      Client-Id:
      - eed-edsc-dev
      Echo-ClientId:
      - eed-edsc-dev
      Echo-Token:
      - edsc
  recorded_at: Tue, 12 Jul 2016 00:38:32 GMT
  digest: cead7747a05430584f8c1d87eaccb7e304670736
- request:
    method: post
    uri: https://cmr.earthdata.nasa.gov/search/granules/timeline.json
    body:
      encoding: US-ASCII
      string: concept_id=C128599377-NSIDC_ECS&end_date=2012-10-04T06%3A51%3A48.000Z&interval=day&start_date=2009-10-02T06%3A51%3A48.000Z
    headers:
      User-Agent:
      - Faraday v0.8.8
      Content-Type:
      - application/x-www-form-urlencoded
      Client-Id:
      - eed-edsc-dev
      Echo-ClientId:
      - eed-edsc-dev
  recorded_at: Mon, 11 Jul 2016 18:23:58 GMT
  digest: f5801e117ff4523a275fccd3ef6ed5ca040c1e7a
- request:
    method: post
    uri: https://cmr.earthdata.nasa.gov/search/granules/timeline.json
    body:
      encoding: US-ASCII
      string: concept_id=C14758250-LPDAAC_ECS&end_date=2015-03-02T00%3A00%3A00.000Z&interval=day&options%5Breadable_granule_name%5D%5Bpattern%5D=true&readable_granule_name%5B%5D=AST_L1A%2300311092015232127_11102015081255.hdf&readable_granule_name%5B%5D=AST_L1A%2300311092015223445_11102015075930.hdf&start_date=2012-02-28T00%3A00%3A00.000Z
    headers:
      User-Agent:
      - Faraday v0.8.8
      Content-Type:
      - application/x-www-form-urlencoded
      Client-Id:
      - eed-edsc-dev
      Echo-ClientId:
      - eed-edsc-dev
      Echo-Token:
      - edsc
  recorded_at: Mon, 11 Jul 2016 19:05:58 GMT
  digest: 8fd61b30abd9ac7160bd659ec239f79c73cfb292
- request:
    method: post
    uri: https://cmr.earthdata.nasa.gov/search/granules/timeline.json
    body:
      encoding: US-ASCII
      string: concept_id=C14758250-LPDAAC_ECS&end_date=2015-03-02T00%3A00%3A00.000Z&interval=day&start_date=2012-02-28T00%3A00%3A00.000Z
    headers:
      User-Agent:
      - Faraday v0.8.8
      Content-Type:
      - application/x-www-form-urlencoded
      Client-Id:
      - eed-edsc-dev
      Echo-ClientId:
      - eed-edsc-dev
      Echo-Token:
      - edsc
  recorded_at: Mon, 11 Jul 2016 19:05:55 GMT
  digest: b1bbead401c56092a08bf61d93f1a00e291f02b7
- request:
    method: post
    uri: https://cmr.earthdata.nasa.gov/search/granules/timeline.json
    body:
      encoding: US-ASCII
      string: concept_id=C179002914-ORNL_DAAC&day_night_flag=DAY&end_date=1989-03-05T00%3A00%3A00.000Z&interval=day&start_date=1986-03-03T00%3A00%3A00.000Z
    headers:
      User-Agent:
      - Faraday v0.8.8
      Content-Type:
      - application/x-www-form-urlencoded
      Client-Id:
      - eed-edsc-dev
      Echo-ClientId:
      - eed-edsc-dev
  recorded_at: Tue, 12 Jul 2016 00:35:42 GMT
  digest: 08e2a7f91fdaf1df8386f50dece7dfe0d83f755b
- request:
    method: post
    uri: https://cmr.earthdata.nasa.gov/search/granules/timeline.json
    body:
      encoding: US-ASCII
      string: concept_id=C179002914-ORNL_DAAC&end_date=1988-10-26T00%3A00%3A00.000Z&interval=day&start_date=1985-10-24T00%3A00%3A00.000Z
    headers:
      User-Agent:
      - Faraday v0.8.8
      Content-Type:
      - application/x-www-form-urlencoded
      Client-Id:
      - eed-edsc-dev
      Echo-ClientId:
      - eed-edsc-dev
  recorded_at: Mon, 11 Jul 2016 18:51:16 GMT
  digest: d35ada11f476019ba0966d5cd835807c05a4c55c
- request:
    method: post
    uri: https://cmr.earthdata.nasa.gov/search/granules/timeline.json
    body:
      encoding: US-ASCII
      string: concept_id=C179002914-ORNL_DAAC&end_date=1989-03-05T00%3A00%3A00.000Z&interval=day&start_date=1986-03-03T00%3A00%3A00.000Z
    headers:
      User-Agent:
      - Faraday v0.8.8
      Content-Type:
      - application/x-www-form-urlencoded
      Client-Id:
      - eed-edsc-dev
      Echo-ClientId:
      - eed-edsc-dev
  recorded_at: Tue, 12 Jul 2016 00:36:20 GMT
  digest: 6f753f68e945eff9d8c251713537a7ba43a39c70
- request:
    method: post
    uri: https://cmr.earthdata.nasa.gov/search/granules/timeline.json
    body:
      encoding: US-ASCII
      string: concept_id=C179003030-ORNL_DAAC&end_date=1989-03-05T00%3A00%3A00.000Z&interval=day&options%5Breadable_granule_name%5D%5Bpattern%5D=true&readable_granule_name%5B%5D=FIFE_STRM_15M.80611715.s15&start_date=1986-03-03T00%3A00%3A00.000Z
    headers:
      User-Agent:
      - Faraday v0.8.8
      Content-Type:
      - application/x-www-form-urlencoded
      Client-Id:
      - eed-edsc-dev
      Echo-ClientId:
      - eed-edsc-dev
  recorded_at: Tue, 12 Jul 2016 00:40:40 GMT
  digest: 4111efc98b23428dc13059fe307212af5b936952
- request:
    method: post
    uri: https://cmr.earthdata.nasa.gov/search/granules/timeline.json
    body:
      encoding: US-ASCII
      string: concept_id=C179003030-ORNL_DAAC&end_date=1989-03-05T00%3A00%3A00.000Z&interval=day&start_date=1986-03-03T00%3A00%3A00.000Z
    headers:
      User-Agent:
      - Faraday v0.8.8
      Content-Type:
      - application/x-www-form-urlencoded
      Client-Id:
      - eed-edsc-dev
      Echo-ClientId:
      - eed-edsc-dev
  recorded_at: Mon, 11 Jul 2016 18:49:31 GMT
  digest: f263b8f6574b88f6bc4f710982cbef6dbaeae501
- request:
    method: post
    uri: https://cmr.earthdata.nasa.gov/search/granules/timeline.json
    body:
      encoding: US-ASCII
      string: concept_id=C179003030-ORNL_DAAC&end_date=1995-03-02T00%3A00%3A00.000Z&interval=day&start_date=1992-02-28T00%3A00%3A00.000Z
    headers:
      User-Agent:
      - Faraday v0.8.8
      Content-Type:
      - application/x-www-form-urlencoded
      Client-Id:
      - eed-edsc-dev
      Echo-ClientId:
      - eed-edsc-dev
  recorded_at: Tue, 12 Jul 2016 00:36:03 GMT
  digest: 5fb4f6b15d63a27a2915a7fe5964cbb9e4a878bf
- request:
    method: post
    uri: https://cmr.earthdata.nasa.gov/search/granules/timeline.json
    body:
      encoding: US-ASCII
      string: concept_id=C179003030-ORNL_DAAC&end_date=2002-09-14T00%3A00%3A00.000Z&interval=month&start_date=1972-08-22T00%3A00%3A00.000Z
    headers:
      User-Agent:
      - Faraday v0.8.8
      Content-Type:
      - application/x-www-form-urlencoded
      Client-Id:
      - eed-edsc-dev
      Echo-ClientId:
      - eed-edsc-dev
  recorded_at: Tue, 12 Jul 2016 00:36:05 GMT
  digest: 71f4a61e5e2c9a91365778b8adb3a3f1a4497eb0
- request:
    method: post
    uri: https://cmr.earthdata.nasa.gov/search/granules/timeline.json
    body:
      encoding: US-ASCII
      string: concept_id=C179003030-ORNL_DAAC&end_date=2004-03-08T00%3A00%3A00.000Z&interval=month&start_date=1974-02-14T00%3A00%3A00.000Z
    headers:
      User-Agent:
      - Faraday v0.8.8
      Content-Type:
      - application/x-www-form-urlencoded
      Client-Id:
      - eed-edsc-dev
      Echo-ClientId:
      - eed-edsc-dev
      Echo-Token:
      - edsc
  recorded_at: Mon, 11 Jul 2016 19:03:52 GMT
  digest: c8ed6e9833d6ef8a29325f104c8b2c3064c78ac0
- request:
    method: post
    uri: https://cmr.earthdata.nasa.gov/search/granules/timeline.json
    body:
      encoding: US-ASCII
      string: concept_id=C179003030-ORNL_DAAC&end_date=2004-03-12T00%3A00%3A00.000Z&interval=month&start_date=1974-02-18T00%3A00%3A00.000Z
    headers:
      User-Agent:
      - Faraday v0.8.8
      Content-Type:
      - application/x-www-form-urlencoded
      Client-Id:
      - eed-edsc-dev
      Echo-ClientId:
      - eed-edsc-dev
  recorded_at: Tue, 12 Jul 2016 00:35:51 GMT
  digest: f4c28a5839bd38d8bc1e35e9a1893254e575660c
- request:
    method: post
    uri: https://cmr.earthdata.nasa.gov/search/granules/timeline.json
    body:
      encoding: US-ASCII
      string: concept_id=C179014698-NSIDC_ECS&end_date=2012-10-04T06%3A51%3A48.000Z&interval=day&options%5Breadable_granule_name%5D%5Bpattern%5D=true&readable_granule_name%5B%5D=AMSR_E_L3_5DaySnow_V10_20110928.hdf&readable_granule_name%5B%5D=AMSR_E_L3_5DaySnow_V10_20110923.hdf&readable_granule_name%5B%5D=AMSR_E_L3_5DaySnow_V10_20110918.hdf&readable_granule_name%5B%5D=AMSR_E_L3_5DaySnow_V10_20110913.hdf&readable_granule_name%5B%5D=AMSR_E_L3_5DaySnow_V10_20110908.hdf&readable_granule_name%5B%5D=AMSR_E_L3_5DaySnow_V10_20110903.hdf&readable_granule_name%5B%5D=AMSR_E_L3_5DaySnow_V10_20110829.hdf&readable_granule_name%5B%5D=AMSR_E_L3_5DaySnow_V10_20110824.hdf&readable_granule_name%5B%5D=AMSR_E_L3_5DaySnow_V10_20110819.hdf&readable_granule_name%5B%5D=AMSR_E_L3_5DaySnow_V10_20110814.hdf&readable_granule_name%5B%5D=AMSR_E_L3_5DaySnow_V10_20110809.hdf&readable_granule_name%5B%5D=AMSR_E_L3_5DaySnow_V10_20110804.hdf&start_date=2009-10-02T06%3A51%3A48.000Z
    headers:
      User-Agent:
      - Faraday v0.8.8
      Content-Type:
      - application/x-www-form-urlencoded
      Client-Id:
      - eed-edsc-dev
      Echo-ClientId:
      - eed-edsc-dev
      Echo-Token:
      - edsc
  recorded_at: Mon, 11 Jul 2016 18:24:39 GMT
  digest: 67633cb5625b2480cc59bab9547f8610fd74a8c2
- request:
    method: post
    uri: https://cmr.earthdata.nasa.gov/search/granules/timeline.json
    body:
      encoding: US-ASCII
      string: concept_id=C179014698-NSIDC_ECS&end_date=2012-10-04T06%3A51%3A48.000Z&interval=day&start_date=2009-10-02T06%3A51%3A48.000Z
    headers:
      User-Agent:
      - Faraday v0.8.8
      Content-Type:
      - application/x-www-form-urlencoded
      Client-Id:
      - eed-edsc-dev
      Echo-ClientId:
      - eed-edsc-dev
  recorded_at: Mon, 11 Jul 2016 18:24:36 GMT
  digest: 68563019ecbc71428630aabeee802992a7b01d01
- request:
    method: post
    uri: https://cmr.earthdata.nasa.gov/search/granules/timeline.json
    body:
      encoding: US-ASCII
      string: concept_id=C90762182-LAADS&end_date=2015-03-02T00%3A00%3A00.000Z&interval=day&start_date=2012-02-28T00%3A00%3A00.000Z
    headers:
      User-Agent:
      - Faraday v0.8.8
      Content-Type:
      - application/x-www-form-urlencoded
      Client-Id:
      - eed-edsc-dev
      Echo-ClientId:
      - eed-edsc-dev
  recorded_at: Mon, 11 Jul 2016 18:56:14 GMT
  digest: 1ee1b14254e1a6fb1c67da1d524aee5908c1464b
- request:
    method: post
    uri: https://cmr.sit.earthdata.nasa.gov/search/granules/timeline.json
    body:
      encoding: US-ASCII
      string: concept_id=C1000000083-DEMO_PROV&end_date=2015-03-02T00%3A00%3A00.000Z&interval=day&start_date=2012-02-28T00%3A00%3A00.000Z
    headers:
      User-Agent:
      - Faraday v0.8.8
      Content-Type:
      - application/x-www-form-urlencoded
      Client-Id:
      - eed-edsc-dev
      Echo-ClientId:
      - eed-edsc-dev
  recorded_at: Sun, 10 Jul 2016 19:40:20 GMT
  digest: 36734f7f3df3ae9237d932b56268bb8cf1085d4b
recorded_with: VCR 2.6.0
